Component: ARM Compiler 5.06 update 6 (build 750) Tool: armlink [4d35ed]

==============================================================================

Section Cross References

    main.o(i.Dianji_Init) refers to stm32f10x_rcc.o(i.RCC_APB2PeriphClockCmd) for RCC_APB2PeriphClockCmd
    main.o(i.Dianji_Init) refers to stm32f10x_gpio.o(i.GPIO_Init) for GPIO_Init
    main.o(i.Dianji_Init) refers to stm32f10x_gpio.o(i.GPIO_ResetBits) for GPIO_ResetBits
    main.o(i.main) refers to delay.o(i.delay_init) for delay_init
    main.o(i.main) refers to misc.o(i.NVIC_PriorityGroupConfig) for NVIC_PriorityGroupConfig
    main.o(i.main) refers to usart.o(i.uart_init) for uart_init
    main.o(i.main) refers to led.o(i.LED_Init) for LED_Init
    main.o(i.main) refers to key.o(i.KEY_Init) for KEY_Init
    main.o(i.main) refers to lcd.o(i.LCD_Init) for LCD_Init
    main.o(i.main) refers to w25qxx.o(i.W25QXX_Init) for W25QXX_Init
    main.o(i.main) refers to usart3.o(i.usart3_init) for usart3_init
    main.o(i.main) refers to malloc.o(i.my_mem_init) for my_mem_init
    main.o(i.main) refers to exfuns.o(i.exfuns_init) for exfuns_init
    main.o(i.main) refers to ff.o(i.f_mount) for f_mount
    main.o(i.main) refers to key.o(i.KEY_Scan) for KEY_Scan
    main.o(i.main) refers to main.o(i.Dianji_Init) for Dianji_Init
    main.o(i.main) refers to lcd.o(i.LCD_Clear) for LCD_Clear
    main.o(i.main) refers to touch.o(i.TP_Adjust) for TP_Adjust
    main.o(i.main) refers to touch.o(i.TP_Save_Adjdata) for TP_Save_Adjdata
    main.o(i.main) refers to fontupd.o(i.font_init) for font_init
    main.o(i.main) refers to lcd.o(i.LCD_ShowString) for LCD_ShowString
    main.o(i.main) refers to delay.o(i.delay_ms) for delay_ms
    main.o(i.main) refers to lcd.o(i.LCD_Fill) for LCD_Fill
    main.o(i.main) refers to sdio_sdcard.o(i.SD_Init) for SD_Init
    main.o(i.main) refers to fontupd.o(i.update_font) for update_font
    main.o(i.main) refers to text.o(i.Show_Str_Mid) for Show_Str_Mid
    main.o(i.main) refers to common.o(i.atk_8266_quit_trans) for atk_8266_quit_trans
    main.o(i.main) refers to common.o(i.atk_8266_send_cmd) for atk_8266_send_cmd
    main.o(i.main) refers to text.o(i.Show_Str) for Show_Str
    main.o(i.main) refers to printfa.o(i.__0printf) for __2printf
    main.o(i.main) refers to bigiot.o(i.bigiot_set) for bigiot_set
    main.o(i.main) refers to touch.o(.data) for tp_dev
    main.o(i.main) refers to exfuns.o(.data) for fs
    main.o(i.main) refers to lcd.o(.data) for POINT_COLOR
    system_stm32f10x.o(i.SetSysClock) refers to system_stm32f10x.o(i.SetSysClockTo72) for SetSysClockTo72
    system_stm32f10x.o(i.SystemCoreClockUpdate) refers to system_stm32f10x.o(.data) for SystemCoreClock
    system_stm32f10x.o(i.SystemInit) refers to system_stm32f10x.o(i.SetSysClock) for SetSysClock
    startup_stm32f10x_hd.o(RESET) refers to startup_stm32f10x_hd.o(STACK) for __initial_sp
    startup_stm32f10x_hd.o(RESET) refers to startup_stm32f10x_hd.o(.text) for Reset_Handler
    startup_stm32f10x_hd.o(RESET) refers to stm32f10x_it.o(i.NMI_Handler) for NMI_Handler
    startup_stm32f10x_hd.o(RESET) refers to stm32f10x_it.o(i.HardFault_Handler) for HardFault_Handler
    startup_stm32f10x_hd.o(RESET) refers to stm32f10x_it.o(i.MemManage_Handler) for MemManage_Handler
    startup_stm32f10x_hd.o(RESET) refers to stm32f10x_it.o(i.BusFault_Handler) for BusFault_Handler
    startup_stm32f10x_hd.o(RESET) refers to stm32f10x_it.o(i.UsageFault_Handler) for UsageFault_Handler
    startup_stm32f10x_hd.o(RESET) refers to stm32f10x_it.o(i.SVC_Handler) for SVC_Handler
    startup_stm32f10x_hd.o(RESET) refers to stm32f10x_it.o(i.DebugMon_Handler) for DebugMon_Handler
    startup_stm32f10x_hd.o(RESET) refers to stm32f10x_it.o(i.PendSV_Handler) for PendSV_Handler
    startup_stm32f10x_hd.o(RESET) refers to stm32f10x_it.o(i.SysTick_Handler) for SysTick_Handler
    startup_stm32f10x_hd.o(RESET) refers to usmart.o(i.TIM4_IRQHandler) for TIM4_IRQHandler
    startup_stm32f10x_hd.o(RESET) refers to usart.o(i.USART1_IRQHandler) for USART1_IRQHandler
    startup_stm32f10x_hd.o(RESET) refers to usart3.o(i.USART3_IRQHandler) for USART3_IRQHandler
    startup_stm32f10x_hd.o(RESET) refers to sdio_sdcard.o(i.SDIO_IRQHandler) for SDIO_IRQHandler
    startup_stm32f10x_hd.o(RESET) refers to timer.o(i.TIM7_IRQHandler) for TIM7_IRQHandler
    startup_stm32f10x_hd.o(.text) refers to system_stm32f10x.o(i.SystemInit) for SystemInit
    startup_stm32f10x_hd.o(.text) refers to entry.o(.ARM.Collect$$$$00000000) for __main
    delay.o(i.delay_init) refers to misc.o(i.SysTick_CLKSourceConfig) for SysTick_CLKSourceConfig
    delay.o(i.delay_init) refers to system_stm32f10x.o(.data) for SystemCoreClock
    delay.o(i.delay_init) refers to delay.o(.data) for fac_us
    delay.o(i.delay_ms) refers to delay.o(.data) for fac_ms
    delay.o(i.delay_us) refers to delay.o(.data) for fac_us
[...]
    DMA2_Channel2_IRQHandler                 0x0800015f   Thumb Code     0  startup_stm32f10x_hd.o(.text)
    DMA2_Channel3_IRQHandler                 0x0800015f   Thumb Code     0  startup_stm32f10x_hd.o(.text)
    DMA2_Channel4_5_IRQHandler               0x0800015f   Thumb Code     0  startup_stm32f10x_hd.o(.text)
    EXTI0_IRQHandler                         0x0800015f   Thumb Code     0  startup_stm32f10x_hd.o(.text)
    EXTI15_10_IRQHandler                     0x0800015f   Thumb Code     0  startup_stm32f10x_hd.o(.text)
    EXTI1_IRQHandler                         0x0800015f   Thumb Code     0  startup_stm32f10x_hd.o(.text)
    EXTI2_IRQHandler                         0x0800015f   Thumb Code     0  startup_stm32f10x_hd.o(.text)
    EXTI3_IRQHandler                         0x0800015f   Thumb Code     0  startup_stm32f10x_hd.o(.text)
    EXTI4_IRQHandler                         0x0800015f   Thumb Code     0  startup_stm32f10x_hd.o(.text)
    EXTI9_5_IRQHandler                       0x0800015f   Thumb Code     0  startup_stm32f10x_hd.o(.text)
    FLASH_IRQHandler                         0x0800015f   Thumb Code     0  startup_stm32f10x_hd.o(.text)
    FSMC_IRQHandler                          0x0800015f   Thumb Code     0  startup_stm32f10x_hd.o(.text)
    I2C1_ER_IRQHandler                       0x0800015f   Thumb Code     0  startup_stm32f10x_hd.o(.text)
    I2C1_EV_IRQHandler                       0x0800015f   Thumb Code     0  startup_stm32f10x_hd.o(.text)
    I2C2_ER_IRQHandler                       0x0800015f   Thumb Code     0  startup_stm32f10x_hd.o(.text)
    I2C2_EV_IRQHandler                       0x0800015f   Thumb Code     0  startup_stm32f10x_hd.o(.text)
    PVD_IRQHandler                           0x0800015f   Thumb Code     0  startup_stm32f10x_hd.o(.text)
    RCC_IRQHandler                           0x0800015f   Thumb Code     0  startup_stm32f10x_hd.o(.text)
    RTCAlarm_IRQHandler                      0x0800015f   Thumb Code     0  startup_stm32f10x_hd.o(.text)
    RTC_IRQHandler                           0x0800015f   Thumb Code     0  startup_stm32f10x_hd.o(.text)
    SPI1_IRQHandler                          0x0800015f   Thumb Code     0  startup_stm32f10x_hd.o(.text)
    SPI2_IRQHandler                          0x0800015f   Thumb Code     0  startup_stm32f10x_hd.o(.text)
    SPI3_IRQHandler                          0x0800015f   Thumb Code     0  startup_stm32f10x_hd.o(.text)
    TAMPER_IRQHandler                        0x0800015f   Thumb Code     0  startup_stm32f10x_hd.o(.text)
    TIM1_BRK_IRQHandler                      0x0800015f   Thumb Code     0  startup_stm32f10x_hd.o(.text)
    TIM1_CC_IRQHandler                       0x0800015f   Thumb Code     0  startup_stm32f10x_hd.o(.text)
    TIM1_TRG_COM_IRQHandler                  0x0800015f   Thumb Code     0  startup_stm32f10x_hd.o(.text)
    TIM1_UP_IRQHandler                       0x0800015f   Thumb Code     0  startup_stm32f10x_hd.o(.text)
    TIM2_IRQHandler                          0x0800015f   Thumb Code     0  startup_stm32f10x_hd.o(.text)
    TIM3_IRQHandler                          0x0800015f   Thumb Code     0  startup_stm32f10x_hd.o(.text)
    TIM5_IRQHandler                          0x0800015f   Thumb Code     0  startup_stm32f10x_hd.o(.text)
    TIM6_IRQHandler                          0x0800015f   Thumb Code     0  startup_stm32f10x_hd.o(.text)
    TIM8_BRK_IRQHandler                      0x0800015f   Thumb Code     0  startup_stm32f10x_hd.o(.text)
    TIM8_CC_IRQHandler                       0x0800015f   Thumb Code     0  startup_stm32f10x_hd.o(.text)
    TIM8_TRG_COM_IRQHandler                  0x0800015f   Thumb Code     0  startup_stm32f10x_hd.o(.text)
    TIM8_UP_IRQHandler                       0x0800015f   Thumb Code     0  startup_stm32f10x_hd.o(.text)
    UART4_IRQHandler                         0x0800015f   Thumb Code     0  startup_stm32f10x_hd.o(.text)
    UART5_IRQHandler                         0x0800015f   Thumb Code     0  startup_stm32f10x_hd.o(.text)
    USART2_IRQHandler                        0x0800015f   Thumb Code     0  startup_stm32f10x_hd.o(.text)
    USBWakeUp_IRQHandler                     0x0800015f   Thumb Code     0  startup_stm32f10x_hd.o(.text)
    USB_HP_CAN1_TX_IRQHandler                0x0800015f   Thumb Code     0  startup_stm32f10x_hd.o(.text)
    USB_LP_CAN1_RX0_IRQHandler               0x0800015f   Thumb Code     0  startup_stm32f10x_hd.o(.text)
    WWDG_IRQHandler                          0x0800015f   Thumb Code     0  startup_stm32f10x_hd.o(.text)
    __aeabi_ldivmod                          0x08000169   Thumb Code    98  ldiv.o(.text)
    __aeabi_memcpy                           0x080001cb   Thumb Code    36  memcpya.o(.text)
    __aeabi_memcpy4                          0x080001cb   Thumb Code     0  memcpya.o(.text)
    __aeabi_memcpy8                          0x080001cb   Thumb Code     0  memcpya.o(.text)
    strcat                                   0x080001ef   Thumb Code    24  strcat.o(.text)
    strstr                                   0x08000207   Thumb Code    36  strstr.o(.text)
    strlen                                   0x0800022b   Thumb Code    14  strlen.o(.text)
    strcmp                                   0x08000239   Thumb Code    28  strcmp.o(.text)
    strcpy                                   0x08000255   Thumb Code    18  strcpy.o(.text)
    __aeabi_fadd                             0x08000267   Thumb Code   164  fadd.o(.text)
    __aeabi_fsub                             0x0800030b   Thumb Code     6  fadd.o(.text)
    __aeabi_frsub                            0x08000311   Thumb Code     6  fadd.o(.text)
    __aeabi_fmul                             0x08000317   Thumb Code   100  fmul.o(.text)
    __aeabi_fdiv                             0x0800037b   Thumb Code   124  fdiv.o(.text)
    __aeabi_dadd                             0x080003f7   Thumb Code   322  dadd.o(.text)
    __aeabi_dsub                             0x08000539   Thumb Code     6  dadd.o(.text)
    __aeabi_drsub                            0x0800053f   Thumb Code     6  dadd.o(.text)
    __aeabi_dmul                             0x08000545   Thumb Code   228  dmul.o(.text)
    __aeabi_i2f                              0x08000629   Thumb Code    18  fflti.o(.text)
    __aeabi_ui2f                             0x0800063b   Thumb Code    10  ffltui.o(.text)
    __aeabi_i2d                              0x08000645   Thumb Code    34  dflti.o(.text)
    __aeabi_ui2d                             0x08000667   Thumb Code    26  dfltui.o(.text)
    __aeabi_f2iz                             0x08000681   Thumb Code    50  ffixi.o(.text)
    __aeabi_f2uiz                            0x080006b3   Thumb Code    40  ffixui.o(.text)
    __aeabi_d2uiz                            0x080006db   Thumb Code    50  dfixui.o(.text)
    __aeabi_f2d                              0x0800070d   Thumb Code    38  f2d.o(.text)
    __aeabi_cdcmpeq                          0x08000735   Thumb Code     0  cdcmple.o(.text)
    __aeabi_cdcmple                          0x08000735   Thumb Code    48  cdcmple.o(.text)
    __aeabi_cdrcmple                         0x08000765   Thumb Code    48  cdrcmple.o(.text)
    __aeabi_cfcmpeq                          0x08000795   Thumb Code     0  cfcmple.o(.text)
    __aeabi_cfcmple                          0x08000795   Thumb Code    20  cfcmple.o(.text)
    __aeabi_uidiv                            0x080007a9   Thumb Code     0  uidiv.o(.text)
    __aeabi_uidivmod                         0x080007a9   Thumb Code    44  uidiv.o(.text)
    __aeabi_uldivmod                         0x080007d5   Thumb Code    98  uldiv.o(.text)
    __aeabi_llsl                             0x08000837   Thumb Code    30  llshl.o(.text)
    _ll_shift_l                              0x08000837   Thumb Code     0  llshl.o(.text)
    __aeabi_llsr                             0x08000855   Thumb Code    32  llushr.o(.text)
    _ll_ushift_r                             0x08000855   Thumb Code     0  llushr.o(.text)
    __aeabi_lasr                             0x08000875   Thumb Code    36  llsshr.o(.text)
    _ll_sshift_r                             0x08000875   Thumb Code     0  llsshr.o(.text)
    __I$use$fp                               0x08000899   Thumb Code     0  iusefp.o(.text)
    _float_round                             0x08000899   Thumb Code    18  fepilogue.o(.text)
    _float_epilogue                          0x080008ab   Thumb Code    92  fepilogue.o(.text)
    _double_round                            0x08000907   Thumb Code    30  depilogue.o(.text)
    _double_epilogue                         0x08000925   Thumb Code   156  depilogue.o(.text)
    __aeabi_ddiv                             0x080009c1   Thumb Code   222  ddiv.o(.text)
    _dsqrt                                   0x08000a9f   Thumb Code   162  dsqrt.o(.text)
    __aeabi_d2ulz                            0x08000b41   Thumb Code    48  dfixul.o(.text)
    __scatterload                            0x08000b71   Thumb Code    28  init.o(.text)
    __scatterload_rt2                        0x08000b71   Thumb Code     0  init.o(.text)
    __decompress                             0x08000b95   Thumb Code     0  __dczerorl2.o(.text)
    __decompress1                            0x08000b95   Thumb Code    86  __dczerorl2.o(.text)
    AT24CXX_Init                             0x08000beb   Thumb Code     8  24cxx.o(i.AT24CXX_Init)
    AT24CXX_Read                             0x08000bf3   Thumb Code    34  24cxx.o(i.AT24CXX_Read)
    AT24CXX_ReadOneByte                      0x08000c15   Thumb Code    88  24cxx.o(i.AT24CXX_ReadOneByte)
    AT24CXX_Write                            0x08000c6d   Thumb Code    36  24cxx.o(i.AT24CXX_Write)
    AT24CXX_WriteOneByte                     0x08000c91   Thumb Code    80  24cxx.o(i.AT24CXX_WriteOneByte)
    BusFault_Handler                         0x08000ce1   Thumb Code     4  stm32f10x_it.o(i.BusFault_Handler)
    CT_Delay                                 0x08000ce5   Thumb Code    10  ctiic.o(i.CT_Delay)
    CT_IIC_Ack                               0x08000cf1   Thumb Code    66  ctiic.o(i.CT_IIC_Ack)
    CT_IIC_Init                              0x08000d45   Thumb Code    72  ctiic.o(i.CT_IIC_Init)
    CT_IIC_NAck                              0x08000d95   Thumb Code    66  ctiic.o(i.CT_IIC_NAck)
    CT_IIC_Read_Byte                         0x08000de9   Thumb Code    94  ctiic.o(i.CT_IIC_Read_Byte)
    CT_IIC_Send_Byte                         0x08000e59   Thumb Code    82  ctiic.o(i.CT_IIC_Send_Byte)
    CT_IIC_Start                             0x08000ebd   Thumb Code    62  ctiic.o(i.CT_IIC_Start)
    CT_IIC_Stop                              0x08000f09   Thumb Code    56  ctiic.o(i.CT_IIC_Stop)
    CT_IIC_Wait_Ack                          0x08000f51   Thumb Code    82  ctiic.o(i.CT_IIC_Wait_Ack)
    CmdError                                 0x08000fb5   Thumb Code    48  sdio_sdcard.o(i.CmdError)
    CmdResp1Error                            0x08000fe5   Thumb Code    90  sdio_sdcard.o(i.CmdResp1Error)
    CmdResp2Error                            0x08001045   Thumb Code    80  sdio_sdcard.o(i.CmdResp2Error)
    CmdResp3Error                            0x08001099   Thumb Code    50  sdio_sdcard.o(i.CmdResp3Error)
    CmdResp6Error                            0x080010d1   Thumb Code   140  sdio_sdcard.o(i.CmdResp6Error)
    CmdResp7Error                            0x08001161   Thumb Code    70  sdio_sdcard.o(i.CmdResp7Error)
    DMA_Cmd                                  0x080011ad   Thumb Code    24  stm32f10x_dma.o(i.DMA_Cmd)
    DMA_DeInit                               0x080011c5   Thumb Code   324  stm32f10x_dma.o(i.DMA_DeInit)
    DMA_Init                                 0x08001311   Thumb Code    60  stm32f10x_dma.o(i.DMA_Init)
    DebugMon_Handler                         0x0800134d   Thumb Code     2  stm32f10x_it.o(i.DebugMon_Handler)
    Dianji_Init                              0x08001351   Thumb Code    70  main.o(i.Dianji_Init)
    FSMC_NORSRAMCmd                          0x0800139d   Thumb Code    46  stm32f10x_fsmc.o(i.FSMC_NORSRAMCmd)
    FSMC_NORSRAMInit                         0x080013d1   Thumb Code   230  stm32f10x_fsmc.o(i.FSMC_NORSRAMInit)
    FT5206_Init                              0x080014b9   Thumb Code   216  ft5206.o(i.FT5206_Init)
    FT5206_RD_Reg                            0x080015a9   Thumb Code    88  ft5206.o(i.FT5206_RD_Reg)
    FT5206_Scan                              0x08001601   Thumb Code   400  ft5206.o(i.FT5206_Scan)
    FT5206_WR_Reg                            0x0800179d   Thumb Code    82  ft5206.o(i.FT5206_WR_Reg)
    FindSCR                                  0x080017f1   Thumb Code   386  sdio_sdcard.o(i.FindSCR)
    GPIO_Init                                0x08001985   Thumb Code   278  stm32f10x_gpio.o(i.GPIO_Init)
    GPIO_ReadInputDataBit                    0x08001a9b   Thumb Code    18  stm32f10x_gpio.o(i.GPIO_ReadInputDataBit)
    GPIO_ResetBits                           0x08001aad   Thumb Code     4  stm32f10x_gpio.o(i.GPIO_ResetBits)
    GPIO_SetBits                             0x08001ab1   Thumb Code     4  stm32f10x_gpio.o(i.GPIO_SetBits)
    GT9147_Init                              0x08001ab5   Thumb Code   268  gt9147.o(i.GT9147_Init)
    GT9147_RD_Reg                            0x08001bf5   Thumb Code    98  gt9147.o(i.GT9147_RD_Reg)
    GT9147_Scan                              0x08001c59   Thumb Code   494  gt9147.o(i.GT9147_Scan)
    GT9147_Send_Cfg                          0x08001e59   Thumb Code    86  gt9147.o(i.GT9147_Send_Cfg)
    GT9147_WR_Reg                            0x08001eb5   Thumb Code    92  gt9147.o(i.GT9147_WR_Reg)
    Get_HzMat                                0x08001f11   Thumb Code   220  text.o(i.Get_HzMat)
    HardFault_Handler                        0x08001ff1   Thumb Code     4  stm32f10x_it.o(i.HardFault_Handler)
    IIC_Ack                                  0x08001ff5   Thumb Code    66  myiic.o(i.IIC_Ack)
    IIC_Init                                 0x08002045   Thumb Code    46  myiic.o(i.IIC_Init)
    IIC_NAck                                 0x08002079   Thumb Code    66  myiic.o(i.IIC_NAck)
    IIC_Read_Byte                            0x080020c9   Thumb Code    98  myiic.o(i.IIC_Read_Byte)
    IIC_Send_Byte                            0x08002139   Thumb Code   104  myiic.o(i.IIC_Send_Byte)
    IIC_Start                                0x080021ad   Thumb Code    64  myiic.o(i.IIC_Start)
    IIC_Stop                                 0x080021f9   Thumb Code    62  myiic.o(i.IIC_Stop)
    IIC_Wait_Ack                             0x08002245   Thumb Code    86  myiic.o(i.IIC_Wait_Ack)
    INTX_DISABLE                             0x080022a9   Thumb Code     4  sys.o(i.INTX_DISABLE)
    INTX_ENABLE                              0x080022ad   Thumb Code     4  sys.o(i.INTX_ENABLE)
    IsCardProgramming                        0x080022b1   Thumb Code   142  sdio_sdcard.o(i.IsCardProgramming)
    KEY_Init                                 0x0800234d   Thumb Code    52  key.o(i.KEY_Init)
    KEY_Scan                                 0x08002389   Thumb Code   188  key.o(i.KEY_Scan)
    LCD_Clear                                0x08002451   Thumb Code   100  lcd.o(i.LCD_Clear)
    LCD_Display_Dir                          0x080024bd   Thumb Code   444  lcd.o(i.LCD_Display_Dir)
    LCD_DrawLine                             0x0800267d   Thumb Code   176  lcd.o(i.LCD_DrawLine)
    LCD_DrawPoint                            0x0800272d   Thumb Code    28  lcd.o(i.LCD_DrawPoint)
    LCD_Draw_Circle                          0x08002751   Thumb Code   152  lcd.o(i.LCD_Draw_Circle)
    LCD_Fast_DrawPoint                       0x080027e9   Thumb Code   370  lcd.o(i.LCD_Fast_DrawPoint)
    LCD_Fill                                 0x08002965   Thumb Code   178  lcd.o(i.LCD_Fill)
    LCD_Init                                 0x08002a21   Thumb Code 14186  lcd.o(i.LCD_Init)
    LCD_Pow                                  0x08006195   Thumb Code    22  lcd.o(i.LCD_Pow)
    LCD_RD_DATA                              0x080061ad   Thumb Code    14  lcd.o(i.LCD_RD_DATA)
    LCD_ReadReg                              0x080061c1   Thumb Code    22  lcd.o(i.LCD_ReadReg)
    LCD_SSD_BackLightSet                     0x080061d9   Thumb Code    80  lcd.o(i.LCD_SSD_BackLightSet)
    LCD_Scan_Dir                             0x0800622d   Thumb Code   744  lcd.o(i.LCD_Scan_Dir)
    LCD_SetCursor                            0x08006519   Thumb Code   418  lcd.o(i.LCD_SetCursor)
    LCD_ShowChar                             0x080066c1   Thumb Code   272  lcd.o(i.LCD_ShowChar)
    LCD_ShowNum                              0x080067e9   Thumb Code   148  lcd.o(i.LCD_ShowNum)
    LCD_ShowString                           0x0800687d   Thumb Code   102  lcd.o(i.LCD_ShowString)
    LCD_WR_DATA                              0x080068e5   Thumb Code     6  lcd.o(i.LCD_WR_DATA)
    LCD_WR_REG                               0x080068f1   Thumb Code     6  lcd.o(i.LCD_WR_REG)
    LCD_WriteRAM_Prepare                     0x080068fd   Thumb Code    10  lcd.o(i.LCD_WriteRAM_Prepare)
    LCD_WriteReg                             0x08006911   Thumb Code    10  lcd.o(i.LCD_WriteReg)
    LED_Init                                 0x08006921   Thumb Code    68  led.o(i.LED_Init)
    MemManage_Handler                        0x0800696d   Thumb Code     4  stm32f10x_it.o(i.MemManage_Handler)
    NMI_Handler                              0x08006971   Thumb Code     2  stm32f10x_it.o(i.NMI_Handler)
    NVIC_Init                                0x08006975   Thumb Code   100  misc.o(i.NVIC_Init)
    NVIC_PriorityGroupConfig                 0x080069e5   Thumb Code    10  misc.o(i.NVIC_PriorityGroupConfig)
    OTT2001A_Init                            0x080069f9   Thumb Code   156  ott2001a.o(i.OTT2001A_Init)
    OTT2001A_RD_Reg                          0x08006aad   Thumb Code    98  ott2001a.o(i.OTT2001A_RD_Reg)
    OTT2001A_Scan                            0x08006b11   Thumb Code   446  ott2001a.o(i.OTT2001A_Scan)
    OTT2001A_SensorControl                   0x08006cf1   Thumb Code    28  ott2001a.o(i.OTT2001A_SensorControl)
    OTT2001A_WR_Reg                          0x08006d0d   Thumb Code    92  ott2001a.o(i.OTT2001A_WR_Reg)
    PendSV_Handler                           0x08006d69   Thumb Code     2  stm32f10x_it.o(i.PendSV_Handler)
    RCC_AHBPeriphClockCmd                    0x08006d6d   Thumb Code    26  stm32f10x_rcc.o(i.RCC_AHBPeriphClockCmd)
    RCC_APB1PeriphClockCmd                   0x08006d8d   Thumb Code    26  stm32f10x_rcc.o(i.RCC_APB1PeriphClockCmd)
    RCC_APB1PeriphResetCmd                   0x08006dad   Thumb Code    26  stm32f10x_rcc.o(i.RCC_APB1PeriphResetCmd)
    RCC_APB2PeriphClockCmd                   0x08006dcd   Thumb Code    26  stm32f10x_rcc.o(i.RCC_APB2PeriphClockCmd)
    RCC_APB2PeriphResetCmd                   0x08006ded   Thumb Code    26  stm32f10x_rcc.o(i.RCC_APB2PeriphResetCmd)
    RCC_GetClocksFreq                        0x08006e0d   Thumb Code   192  stm32f10x_rcc.o(i.RCC_GetClocksFreq)
    SDEnWideBus                              0x08006ee1   Thumb Code   158  sdio_sdcard.o(i.SDEnWideBus)
    SDIO_ClearFlag                           0x08006f8d   Thumb Code     6  stm32f10x_sdio.o(i.SDIO_ClearFlag)
    SDIO_ClockCmd                            0x08006f99   Thumb Code     6  stm32f10x_sdio.o(i.SDIO_ClockCmd)
    SDIO_Clock_Set                           0x08006fa5   Thumb Code    16  sdio_sdcard.o(i.SDIO_Clock_Set)
    SDIO_DMACmd                              0x08006fb9   Thumb Code     6  stm32f10x_sdio.o(i.SDIO_DMACmd)
    SDIO_DataConfig                          0x08006fc5   Thumb Code    42  stm32f10x_sdio.o(i.SDIO_DataConfig)
    SDIO_DeInit                              0x08006ff5   Thumb Code    28  stm32f10x_sdio.o(i.SDIO_DeInit)
    SDIO_GetFlagStatus                       0x08007019   Thumb Code    20  stm32f10x_sdio.o(i.SDIO_GetFlagStatus)
    SDIO_GetPowerState                       0x08007031   Thumb Code    10  stm32f10x_sdio.o(i.SDIO_GetPowerState)
    SDIO_IRQHandler                          0x08007041   Thumb Code     8  sdio_sdcard.o(i.SDIO_IRQHandler)
    SDIO_Init                                0x08007049   Thumb Code    42  stm32f10x_sdio.o(i.SDIO_Init)
    SDIO_ReadData                            0x08007079   Thumb Code     6  stm32f10x_sdio.o(i.SDIO_ReadData)
    SDIO_SendCommand                         0x08007085   Thumb Code    38  stm32f10x_sdio.o(i.SDIO_SendCommand)
    SDIO_SetPowerState                       0x080070b1   Thumb Code    22  stm32f10x_sdio.o(i.SDIO_SetPowerState)
    SDIO_WriteData                           0x080070cd   Thumb Code     6  stm32f10x_sdio.o(i.SDIO_WriteData)
    SD_DMA_Config                            0x080070d9   Thumb Code    94  sdio_sdcard.o(i.SD_DMA_Config)
    SD_EnableWideBusOperation                0x08007141   Thumb Code    94  sdio_sdcard.o(i.SD_EnableWideBusOperation)
    SD_GetCardInfo                           0x080071a9   Thumb Code   772  sdio_sdcard.o(i.SD_GetCardInfo)
    SD_Init                                  0x080074bd   Thumb Code   238  sdio_sdcard.o(i.SD_Init)
    SD_InitializeCards                       0x080075bd   Thumb Code   316  sdio_sdcard.o(i.SD_InitializeCards)
    SD_PowerON                               0x08007711   Thumb Code   450  sdio_sdcard.o(i.SD_PowerON)
    SD_ProcessIRQSrc                         0x080078ed   Thumb Code   296  sdio_sdcard.o(i.SD_ProcessIRQSrc)
    SD_ReadBlock                             0x08007a29   Thumb Code   558  sdio_sdcard.o(i.SD_ReadBlock)
    SD_ReadDisk                              0x08007c81   Thumb Code   152  sdio_sdcard.o(i.SD_ReadDisk)
    SD_ReadMultiBlocks                       0x08007d21   Thumb Code   698  sdio_sdcard.o(i.SD_ReadMultiBlocks)
    SD_SelectDeselect                        0x08008009   Thumb Code    42  sdio_sdcard.o(i.SD_SelectDeselect)
    SD_SetDeviceMode                         0x08008039   Thumb Code    20  sdio_sdcard.o(i.SD_SetDeviceMode)
    SD_WriteBlock                            0x08008051   Thumb Code   844  sdio_sdcard.o(i.SD_WriteBlock)
    SD_WriteDisk                             0x080083c5   Thumb Code   152  sdio_sdcard.o(i.SD_WriteDisk)
    SD_WriteMultiBlocks                      0x08008465   Thumb Code   920  sdio_sdcard.o(i.SD_WriteMultiBlocks)
    SPI2_Init                                0x08008825   Thumb Code   140  spi.o(i.SPI2_Init)
    SPI2_ReadWriteByte                       0x080088b9   Thumb Code    78  spi.o(i.SPI2_ReadWriteByte)
    SPI2_SetSpeed                            0x0800890d   Thumb Code    36  spi.o(i.SPI2_SetSpeed)
    SPI_Cmd                                  0x08008935   Thumb Code    24  stm32f10x_spi.o(i.SPI_Cmd)
    SPI_I2S_GetFlagStatus                    0x0800894d   Thumb Code    18  stm32f10x_spi.o(i.SPI_I2S_GetFlagStatus)
    SPI_I2S_ReceiveData                      0x0800895f   Thumb Code     6  stm32f10x_spi.o(i.SPI_I2S_ReceiveData)
    SPI_I2S_SendData                         0x08008965   Thumb Code     4  stm32f10x_spi.o(i.SPI_I2S_SendData)
    SPI_Init                                 0x08008969   Thumb Code    60  stm32f10x_spi.o(i.SPI_Init)
    SVC_Handler                              0x080089a5   Thumb Code     2  stm32f10x_it.o(i.SVC_Handler)
    Show_Font                                0x08008a91   Thumb Code   190  text.o(i.Show_Font)
    Show_Str                                 0x08008b59   Thumb Code   194  text.o(i.Show_Str)
    Show_Str_Mid                             0x08008c1d   Thumb Code   106  text.o(i.Show_Str_Mid)
    SysTick_CLKSourceConfig                  0x08008c8d   Thumb Code    40  misc.o(i.SysTick_CLKSourceConfig)
    SysTick_Handler                          0x08008cb5   Thumb Code     2  stm32f10x_it.o(i.SysTick_Handler)
    SystemInit                               0x08008cb9   Thumb Code    78  system_stm32f10x.o(i.SystemInit)
    TIM4_IRQHandler                          0x08008d19   Thumb Code    46  usmart.o(i.TIM4_IRQHandler)
    TIM7_IRQHandler                          0x08008d51   Thumb Code    42  timer.o(i.TIM7_IRQHandler)
    TIM7_Int_Init                            0x08008d85   Thumb Code    90  timer.o(i.TIM7_Int_Init)
    TIM_ClearFlag                            0x08008de5   Thumb Code     6  stm32f10x_tim.o(i.TIM_ClearFlag)
    TIM_ClearITPendingBit                    0x08008deb   Thumb Code     6  stm32f10x_tim.o(i.TIM_ClearITPendingBit)
    TIM_Cmd                                  0x08008df1   Thumb Code    24  stm32f10x_tim.o(i.TIM_Cmd)
    TIM_GetCounter                           0x08008e09   Thumb Code     6  stm32f10x_tim.o(i.TIM_GetCounter)
    TIM_GetFlagStatus                        0x08008e0f   Thumb Code    18  stm32f10x_tim.o(i.TIM_GetFlagStatus)
    TIM_GetITStatus                          0x08008e21   Thumb Code    34  stm32f10x_tim.o(i.TIM_GetITStatus)
    TIM_ITConfig                             0x08008e43   Thumb Code    18  stm32f10x_tim.o(i.TIM_ITConfig)
    TIM_SetAutoreload                        0x08008e55   Thumb Code     4  stm32f10x_tim.o(i.TIM_SetAutoreload)
    TIM_SetCounter                           0x08008e59   Thumb Code     4  stm32f10x_tim.o(i.TIM_SetCounter)
    TIM_TimeBaseInit                         0x08008e5d   Thumb Code   122  stm32f10x_tim.o(i.TIM_TimeBaseInit)
    TP_Adj_Info_Show                         0x08008f01   Thumb Code   374  touch.o(i.TP_Adj_Info_Show)
    TP_Adjust                                0x080090a9   Thumb Code  2058  touch.o(i.TP_Adjust)
    TP_Drow_Touch_Point                      0x08009905   Thumb Code   108  touch.o(i.TP_Drow_Touch_Point)
    TP_Get_Adjdata                           0x08009975   Thumb Code    68  touch.o(i.TP_Get_Adjdata)
    TP_Init                                  0x080099c5   Thumb Code   330  touch.o(i.TP_Init)
    TP_Read_AD                               0x08009b2d   Thumb Code   132  touch.o(i.TP_Read_AD)
    TP_Read_XOY                              0x08009bc1   Thumb Code   120  touch.o(i.TP_Read_XOY)
    TP_Read_XY                               0x08009c39   Thumb Code    38  touch.o(i.TP_Read_XY)
    TP_Read_XY2                              0x08009c69   Thumb Code   192  touch.o(i.TP_Read_XY2)
    TP_Save_Adjdata                          0x08009d29   Thumb Code    22  touch.o(i.TP_Save_Adjdata)
    TP_Scan                                  0x08009d45   Thumb Code   262  touch.o(i.TP_Scan)
    TP_Write_Byte                            0x08009e55   Thumb Code    64  touch.o(i.TP_Write_Byte)
    Timer4_Init                              0x08009ea1   Thumb Code    88  usmart.o(i.Timer4_Init)
    USART1_IRQHandler                        0x08009efd   Thumb Code   122  usart.o(i.USART1_IRQHandler)
    USART3_IRQHandler                        0x08009f85   Thumb Code   140  usart3.o(i.USART3_IRQHandler)
    USART_Cmd                                0x0800a02d   Thumb Code    24  stm32f10x_usart.o(i.USART_Cmd)
    USART_DeInit                             0x0800a045   Thumb Code   134  stm32f10x_usart.o(i.USART_DeInit)
    USART_GetFlagStatus                      0x0800a0e1   Thumb Code    26  stm32f10x_usart.o(i.USART_GetFlagStatus)
    USART_GetITStatus                        0x0800a0fb   Thumb Code    84  stm32f10x_usart.o(i.USART_GetITStatus)
    USART_ITConfig                           0x0800a14f   Thumb Code    74  stm32f10x_usart.o(i.USART_ITConfig)
    USART_Init                               0x0800a199   Thumb Code   210  stm32f10x_usart.o(i.USART_Init)
    USART_ReceiveData                        0x0800a271   Thumb Code    10  stm32f10x_usart.o(i.USART_ReceiveData)
    USART_SendData                           0x0800a27b   Thumb Code     8  stm32f10x_usart.o(i.USART_SendData)
    UsageFault_Handler                       0x0800a283   Thumb Code     4  stm32f10x_it.o(i.UsageFault_Handler)
    W25QXX_Erase_Sector                      0x0800a289   Thumb Code    70  w25qxx.o(i.W25QXX_Erase_Sector)
    W25QXX_Init                              0x0800a2e1   Thumb Code    74  w25qxx.o(i.W25QXX_Init)
    W25QXX_Read                              0x0800a339   Thumb Code    74  w25qxx.o(i.W25QXX_Read)
    W25QXX_ReadID                            0x0800a389   Thumb Code    64  w25qxx.o(i.W25QXX_ReadID)
    W25QXX_ReadSR                            0x0800a3d1   Thumb Code    36  w25qxx.o(i.W25QXX_ReadSR)
    W25QXX_Wait_Busy                         0x0800a3fd   Thumb Code    18  w25qxx.o(i.W25QXX_Wait_Busy)
    W25QXX_Write                             0x0800a411   Thumb Code   180  w25qxx.o(i.W25QXX_Write)
    W25QXX_Write_Enable                      0x0800a4c9   Thumb Code    24  w25qxx.o(i.W25QXX_Write_Enable)
    W25QXX_Write_NoCheck                     0x0800a4e9   Thumb Code    70  w25qxx.o(i.W25QXX_Write_NoCheck)
    W25QXX_Write_Page                        0x0800a531   Thumb Code    80  w25qxx.o(i.W25QXX_Write_Page)
    __0printf                                0x0800a585   Thumb Code    22  printfa.o(i.__0printf)
    __1printf                                0x0800a585   Thumb Code     0  printfa.o(i.__0printf)
    __2printf                                0x0800a585   Thumb Code     0  printfa.o(i.__0printf)
    __c89printf                              0x0800a585   Thumb Code     0  printfa.o(i.__0printf)
    printf                                   0x0800a585   Thumb Code     0  printfa.o(i.__0printf)
    __0vsprintf                              0x0800a5a5   Thumb Code    30  printfa.o(i.__0vsprintf)
    __1vsprintf                              0x0800a5a5   Thumb Code     0  printfa.o(i.__0vsprintf)
    __2vsprintf                              0x0800a5a5   Thumb Code     0  printfa.o(i.__0vsprintf)
    __c89vsprintf                            0x0800a5a5   Thumb Code     0  printfa.o(i.__0vsprintf)
    vsprintf                                 0x0800a5a5   Thumb Code     0  printfa.o(i.__0vsprintf)
    __scatterload_copy                       0x0800a5c9   Thumb Code    14  handlers.o(i.__scatterload_copy)
    __scatterload_null                       0x0800a5d7   Thumb Code     2  handlers.o(i.__scatterload_null)
    __scatterload_zeroinit                   0x0800a5d9   Thumb Code    14  handlers.o(i.__scatterload_zeroinit)
    __set_errno                              0x0800a5e9   Thumb Code     6  errno.o(i.__set_errno)
    atk_8266_check_cmd                       0x0800aeb1   Thumb Code    44  common.o(i.atk_8266_check_cmd)
    atk_8266_quit_trans                      0x0800aee5   Thumb Code   100  common.o(i.atk_8266_quit_trans)
    atk_8266_send_cmd                        0x0800af55   Thumb Code    84  common.o(i.atk_8266_send_cmd)
    bigiot_set                               0x0800afb5   Thumb Code   352  bigiot.o(i.bigiot_set)
    clust2sect                               0x0800b333   Thumb Code    26  ff.o(i.clust2sect)
    convert_from_bytes_to_power_of_two       0x0800b3dd   Thumb Code    18  sdio_sdcard.o(i.convert_from_bytes_to_power_of_two)
    delay_init                               0x0800b735   Thumb Code    50  delay.o(i.delay_init)
    delay_ms                                 0x0800b779   Thumb Code    72  delay.o(i.delay_ms)
    delay_us                                 0x0800b7c5   Thumb Code    72  delay.o(i.delay_us)
    dir_sdi                                  0x0800bb8f   Thumb Code   158  ff.o(i.dir_sdi)
    disk_initialize                          0x0800bc2d   Thumb Code    52  diskio.o(i.disk_initialize)
    disk_ioctl                               0x0800bc65   Thumb Code   170  diskio.o(i.disk_ioctl)
    disk_read                                0x0800bd19   Thumb Code   122  diskio.o(i.disk_read)
    disk_status                              0x0800bd93   Thumb Code     6  diskio.o(i.disk_status)
    disk_write                               0x0800bd99   Thumb Code   122  diskio.o(i.disk_write)
    exfuns_init                              0x0800be15   Thumb Code   114  exfuns.o(i.exfuns_init)
    f_close                                  0x0800be99   Thumb Code    32  ff.o(i.f_close)
    f_mount                                  0x0800beb9   Thumb Code    86  ff.o(i.f_mount)
    f_open                                   0x0800bf15   Thumb Code   384  ff.o(i.f_open)
    f_read                                   0x0800c095   Thumb Code   432  ff.o(i.f_read)
    f_sync                                   0x0800c245   Thumb Code   176  ff.o(i.f_sync)
    ff_convert                               0x0800c2f5   Thumb Code   146  mycc936.o(i.ff_convert)
    ff_memalloc                              0x0800c38d   Thumb Code    14  diskio.o(i.ff_memalloc)
    ff_memfree                               0x0800c39b   Thumb Code    14  diskio.o(i.ff_memfree)
    ff_wtoupper                              0x0800c3a9   Thumb Code    46  mycc936.o(i.ff_wtoupper)
    font_init                                0x0800c885   Thumb Code    64  fontupd.o(i.font_init)
    fputc                                    0x0800c8c9   Thumb Code    24  usart.o(i.fputc)
    fupd_prog                                0x0800c8e5   Thumb Code   134  fontupd.o(i.fupd_prog)
    get_fat                                  0x0800ca41   Thumb Code   242  ff.o(i.get_fat)
    get_fattime                              0x0800cb33   Thumb Code     4  diskio.o(i.get_fattime)
    main                                     0x0800cba1   Thumb Code   548  main.o(i.main)
    my_mem_free                              0x0800cf21   Thumb Code    96  malloc.o(i.my_mem_free)
    my_mem_init                              0x0800cf8d   Thumb Code    54  malloc.o(i.my_mem_init)
    my_mem_malloc                            0x0800cfd1   Thumb Code   156  malloc.o(i.my_mem_malloc)
    my_mem_perused                           0x0800d079   Thumb Code    54  malloc.o(i.my_mem_perused)
    myfree                                   0x0800d0b9   Thumb Code    30  malloc.o(i.myfree)
    mymalloc                                 0x0800d0dd   Thumb Code    34  malloc.o(i.mymalloc)
    mymemset                                 0x0800d105   Thumb Code    20  malloc.o(i.mymemset)
    put_fat                                  0x0800d119   Thumb Code   322  ff.o(i.put_fat)
    read_addr                                0x0800d25b   Thumb Code     6  usmart.o(i.read_addr)
    sqrt                                     0x0800d2cd   Thumb Code    76  sqrt.o(i.sqrt)
    u3_printf                                0x0800d465   Thumb Code    72  usart3.o(i.u3_printf)
    uart_init                                0x0800d4b5   Thumb Code   152  usart.o(i.uart_init)
    updata_fontx                             0x0800d555   Thumb Code   346  fontupd.o(i.updata_fontx)
    update_font                              0x0800d6b9   Thumb Code   784  fontupd.o(i.update_font)
    usart3_init                              0x0800da4d   Thumb Code   192  usart3.o(i.usart3_init)
    usmart_cmd_rec                           0x0800db1d   Thumb Code   170  usmart.o(i.usmart_cmd_rec)
    usmart_exe                               0x0800dbcd   Thumb Code   632  usmart.o(i.usmart_exe)
    usmart_get_aparm                         0x0800dea1   Thumb Code   200  usmart_str.o(i.usmart_get_aparm)
    usmart_get_cmdname                       0x0800df69   Thumb Code    54  usmart_str.o(i.usmart_get_cmdname)
    usmart_get_fname                         0x0800dfa1   Thumb Code   440  usmart_str.o(i.usmart_get_fname)
    usmart_get_fparam                        0x0800e161   Thumb Code   262  usmart_str.o(i.usmart_get_fparam)
    usmart_get_parmpos                       0x0800e26d   Thumb Code    26  usmart_str.o(i.usmart_get_parmpos)
    usmart_get_runtime                       0x0800e28d   Thumb Code    60  usmart.o(i.usmart_get_runtime)
    usmart_init                              0x0800e2d1   Thumb Code    36  usmart.o(i.usmart_init)
    usmart_pow                               0x0800e2f9   Thumb Code    22  usmart_str.o(i.usmart_pow)
    usmart_reset_runtime                     0x0800e311   Thumb Code    38  usmart.o(i.usmart_reset_runtime)
    usmart_scan                              0x0800e341   Thumb Code   120  usmart.o(i.usmart_scan)
    usmart_search_nextc                      0x0800e3fd   Thumb Code    22  usmart_str.o(i.usmart_search_nextc)
    usmart_str2num                           0x0800e413   Thumb Code   202  usmart_str.o(i.usmart_str2num)
    usmart_strcmp                            0x0800e4dd   Thumb Code    34  usmart_str.o(i.usmart_strcmp)
    usmart_strcopy                           0x0800e4ff   Thumb Code    22  usmart_str.o(i.usmart_strcopy)
    usmart_strlen                            0x0800e515   Thumb Code    24  usmart_str.o(i.usmart_strlen)
    usmart_sys_cmd_exe                       0x0800e52d   Thumb Code  1554  usmart.o(i.usmart_sys_cmd_exe)
    write_addr                               0x0800ec47   Thumb Code     4  usmart.o(i.write_addr)
    asc2_1206                                0x0800ec4a   Data        1140  lcd.o(.constdata)
    asc2_1608                                0x0800f0be   Data        1520  lcd.o(.constdata)
    asc2_2412                                0x0800f6ae   Data        3420  lcd.o(.constdata)
    FT5206_TPX_TBL                           0x0801040a   Data          10  ft5206.o(.constdata)
    GT9147_CFG_TBL                           0x08010414   Data         184  gt9147.o(.constdata)
    GT9147_TPX_TBL                           0x080104cc   Data          10  gt9147.o(.constdata)
    OTT_TPX_TBL                              0x080104d6   Data          10  ott2001a.o(.constdata)
    TP_REMIND_MSG_TBL                        0x080104e0   Data           4  touch.o(.constdata)
    memtblsize                               0x080104e4   Data           8  malloc.o(.constdata)
    memblksize                               0x080104ec   Data           8  malloc.o(.constdata)
    memsize                                  0x080104f4   Data           8  malloc.o(.constdata)
    GBK24_PATH                               0x080108f8   Data           4  fontupd.o(.constdata)
    GBK16_PATH                               0x080108fc   Data           4  fontupd.o(.constdata)
    GBK12_PATH                               0x08010900   Data           4  fontupd.o(.constdata)
    UNIGBK_PATH                              0x08010904   Data           4  fontupd.o(.constdata)
    Region$$Table$$Base                      0x08010a9c   Number         0  anon$$obj.o(Region$$Table)
    Region$$Table$$Limit                     0x08010abc   Number         0  anon$$obj.o(Region$$Table)
    SystemCoreClock                          0x20000000   Data           4  system_stm32f10x.o(.data)
    AHBPrescTable                            0x20000004   Data          16  system_stm32f10x.o(.data)
    __stdout                                 0x20000018   Data           4  usart.o(.data)
    USART_RX_STA                             0x2000001c   Data           2  usart.o(.data)
    POINT_COLOR                              0x20000020   Data           2  lcd.o(.data)
    BACK_COLOR                               0x20000022   Data           2  lcd.o(.data)
    TransferError                            0x2000002e   Data           1  sdio_sdcard.o(.data)
    TransferEnd                              0x2000002f   Data           1  sdio_sdcard.o(.data)
    tempbuff                                 0x20000030   Data           4  sdio_sdcard.o(.data)
    tp_dev                                   0x20000038   Data          52  touch.o(.data)
    CMD_RDX                                  0x2000006c   Data           1  touch.o(.data)
    CMD_RDY                                  0x2000006d   Data           1  touch.o(.data)
    num                                      0x2000006e   Data           1  usart3.o(.data)
    flag                                     0x2000006f   Data           1  usart3.o(.data)
    USART3_RX_STA                            0x20000070   Data           2  usart3.o(.data)
    W25QXX_TYPE                              0x20000072   Data           2  w25qxx.o(.data)
    mallco_dev                               0x20000088   Data          28  malloc.o(.data)
    sys_cmd_tab                              0x200000a4   Data          28  usmart.o(.data)
    usmart_nametab                           0x200000c0   Data          32  usmart_config.o(.data)
    usmart_dev                               0x200000e0   Data         244  usmart_config.o(.data)
    FLASH_SECTOR_COUNT                       0x200001d4   Data           2  diskio.o(.data)
    fs                                       0x200001e4   Data           8  exfuns.o(.data)
    file                                     0x200001ec   Data           4  exfuns.o(.data)
    ftemp                                    0x200001f0   Data           4  exfuns.o(.data)
    br                                       0x200001f4   Data           4  exfuns.o(.data)
    bw                                       0x200001f8   Data           4  exfuns.o(.data)
    fatbuf                                   0x200001fc   Data           4  exfuns.o(.data)
    USART_RX_BUF                             0x20000204   Data         200  usart.o(.bss)
    lcddev                                   0x200002cc   Data          14  lcd.o(.bss)
    SDIO_InitStructure                       0x200002e0   Data          24  sdio_sdcard.o(.bss)
    SDIO_CmdInitStructure                    0x200002f8   Data          20  sdio_sdcard.o(.bss)
    SDIO_DataInitStructure                   0x2000030c   Data          24  sdio_sdcard.o(.bss)
    SDCardInfo                               0x20000348   Data          88  sdio_sdcard.o(.bss)
    SDIO_DATA_BUFFER                         0x200003a0   Data         512  sdio_sdcard.o(.bss)
    USART3_RX_BUF                            0x200005a0   Data         600  usart3.o(.bss)
    USART3_TX_BUF                            0x200007f8   Data         600  usart3.o(.bss)
    W25QXX_BUFFER                            0x20000a50   Data        4096  w25qxx.o(.bss)
    mem1base                                 0x20001a60   Data       40960  malloc.o(.bss)
    mem1mapbase                              0x2000ba60   Data        2560  malloc.o(.bss)
    receive_data                             0x2000c460   Data         100  bigiot.o(.bss)
    ftinfo                                   0x2000c4c4   Data          33  fontupd.o(.bss)
    __initial_sp                             0x2000c8e8   Data           0  startup_stm32f10x_hd.o(STACK)
    mem2base                                 0x68000000   Data       983040  malloc.o(.ARM.__AT_0x68000000)
    mem2mapbase                              0x680f0000   Data       61440  malloc.o(.ARM.__AT_0x680F0000)



==============================================================================

Memory Map of the image

  Image Entry point : 0x08000131

  Load Region LR_IROM1 (Base: 0x08000000, Size: 0x00010cc0, Max: 0x00080000, ABSOLUTE, COMPRESSED[0x00010b50])

    Execution Region ER_IROM1 (Exec base: 0x08000000, Load base: 0x08000000, Size: 0x00010abc, Max: 0x00080000, ABSOLUTE)

    Exec Addr    Load Addr    Size         Type   Attr      Idx    E Section Name        Object

    0x08000000   0x08000000   0x00000130   Data   RO          393    RESET               startup_stm32f10x_hd.o
    0x08000130   0x08000130   0x00000000   Code   RO         4990  * .ARM.Collect$$$$00000000  mc_w.l(entry.o)
    0x08000130   0x08000130   0x00000004   Code   RO         5344    .ARM.Collect$$$$00000001  mc_w.l(entry2.o)
    0x08000134   0x08000134   0x00000004   Code   RO         5347    .ARM.Collect$$$$00000004  mc_w.l(entry5.o)
    0x08000138   0x08000138   0x00000000   Code   RO         5349    .ARM.Collect$$$$00000008  mc_w.l(entry7b.o)
    0x08000138   0x08000138   0x00000000   Code   RO         5351    .ARM.Collect$$$$0000000A  mc_w.l(entry8b.o)
    0x08000138   0x08000138   0x00000008   Code   RO         5352    .ARM.Collect$$$$0000000B  mc_w.l(entry9a.o)
    0x08000140   0x08000140   0x00000000   Code   RO         5354    .ARM.Collect$$$$0000000D  mc_w.l(entry10a.o)
    0x08000140   0x08000140   0x00000000   Code   RO         5356    .ARM.Collect$$$$0000000F  mc_w.l(entry11a.o)
    0x08000140   0x08000140   0x00000004   Code   RO         5345    .ARM.Collect$$$$00002712  mc_w.l(entry2.o)
    0x08000144   0x08000144   0x00000024   Code   RO          394    .text               startup_stm32f10x_hd.o
    0x08000168   0x08000168   0x00000062   Code   RO         4993    .text               mc_w.l(ldiv.o)
    0x080001ca   0x080001ca   0x00000024   Code   RO         4997    .text               mc_w.l(memcpya.o)
    0x080001ee   0x080001ee   0x00000018   Code   RO         5001    .text               mc_w.l(strcat.o)
    0x08000206   0x08000206   0x00000024   Code   RO         5003    .text               mc_w.l(strstr.o)
    0x0800022a   0x0800022a   0x0000000e   Code   RO         5005    .text               mc_w.l(strlen.o)
    0x08000238   0x08000238   0x0000001c   Code   RO         5007    .text               mc_w.l(strcmp.o)
    0x08000254   0x08000254   0x00000012   Code   RO         5009    .text               mc_w.l(strcpy.o)
    0x08000266   0x08000266   0x000000b0   Code   RO         5310    .text               mf_w.l(fadd.o)
    0x08000316   0x08000316   0x00000064   Code   RO         5312    .text               mf_w.l(fmul.o)
    0x0800037a   0x0800037a   0x0000007c   Code   RO         5314    .text               mf_w.l(fdiv.o)
    0x080003f6   0x080003f6   0x0000014e   Code   RO         5316    .text               mf_w.l(dadd.o)
    0x08000544   0x08000544   0x000000e4   Code   RO         5318    .text               mf_w.l(dmul.o)
    0x08000628   0x08000628   0x00000012   Code   RO         5320    .text               mf_w.l(fflti.o)
    0x0800063a   0x0800063a   0x0000000a   Code   RO         5322    .text               mf_w.l(ffltui.o)
    0x08000644   0x08000644   0x00000022   Code   RO         5324    .text               mf_w.l(dflti.o)
    0x08000666   0x08000666   0x0000001a   Code   RO         5326    .text               mf_w.l(dfltui.o)
    0x08000680   0x08000680   0x00000032   Code   RO         5328    .text               mf_w.l(ffixi.o)
    0x080006b2   0x080006b2   0x00000028   Code   RO         5330    .text               mf_w.l(ffixui.o)
    0x080006da   0x080006da   0x00000032   Code   RO         5334    .text               mf_w.l(dfixui.o)
    0x0800070c   0x0800070c   0x00000026   Code   RO         5336    .text               mf_w.l(f2d.o)
    0x08000732   0x08000732   0x00000002   PAD
    0x08000734   0x08000734   0x00000030   Code   RO         5338    .text               mf_w.l(cdcmple.o)
    0x08000764   0x08000764   0x00000030   Code   RO         5340    .text               mf_w.l(cdrcmple.o)
    0x08000794   0x08000794   0x00000014   Code   RO         5342    .text               mf_w.l(cfcmple.o)
    0x080007a8   0x080007a8   0x0000002c   Code   RO         5358    .text               mc_w.l(uidiv.o)
    0x080007d4   0x080007d4   0x00000062   Code   RO         5360    .text               mc_w.l(uldiv.o)
    0x08000836   0x08000836   0x0000001e   Code   RO         5362    .text               mc_w.l(llshl.o)
    0x08000854   0x08000854   0x00000020   Code   RO         5364    .text               mc_w.l(llushr.o)
    0x08000874   0x08000874   0x00000024   Code   RO         5366    .text               mc_w.l(llsshr.o)
    0x08000898   0x08000898   0x00000000   Code   RO         5383    .text               mc_w.l(iusefp.o)
    0x08000898   0x08000898   0x0000006e   Code   RO         5384    .text               mf_w.l(fepilogue.o)
    0x08000906   0x08000906   0x000000ba   Code   RO         5386    .text               mf_w.l(depilogue.o)
    0x080009c0   0x080009c0   0x000000de   Code   RO         5388    .text               mf_w.l(ddiv.o)
    0x08000a9e   0x08000a9e   0x000000a2   Code   RO         5390    .text               mf_w.l(dsqrt.o)
    0x08000b40   0x08000b40   0x00000030   Code   RO         5394    .text               mf_w.l(dfixul.o)
    0x08000b70   0x08000b70   0x00000024   Code   RO         5398    .text               mc_w.l(init.o)
    0x08000b94   0x08000b94   0x00000056   Code   RO         5415    .text               mc_w.l(__dczerorl2.o)
    0x08000bea   0x08000bea   0x00000008   Code   RO          526    i.AT24CXX_Init      24cxx.o
    0x08000bf2   0x08000bf2   0x00000022   Code   RO          527    i.AT24CXX_Read      24cxx.o
    0x08000c14   0x08000c14   0x00000058   Code   RO          529    i.AT24CXX_ReadOneByte  24cxx.o
    0x08000c6c   0x08000c6c   0x00000024   Code   RO          530    i.AT24CXX_Write     24cxx.o
    0x08000c90   0x08000c90   0x00000050   Code   RO          532    i.AT24CXX_WriteOneByte  24cxx.o
    0x08000ce0   0x08000ce0   0x00000004   Code   RO          200    i.BusFault_Handler  stm32f10x_it.o
    0x08000ce4   0x08000ce4   0x0000000a   Code   RO         1139    i.CT_Delay          ctiic.o
    0x08000cee   0x08000cee   0x00000002   PAD
    0x08000cf0   0x08000cf0   0x00000054   Code   RO         1140    i.CT_IIC_Ack        ctiic.o
    0x08000d44   0x08000d44   0x00000050   Code   RO         1141    i.CT_IIC_Init       ctiic.o
    0x08000d94   0x08000d94   0x00000054   Code   RO         1142    i.CT_IIC_NAck       ctiic.o
    0x08000de8   0x08000de8   0x00000070   Code   RO         1143    i.CT_IIC_Read_Byte  ctiic.o
    0x08000e58   0x08000e58   0x00000064   Code   RO         1144    i.CT_IIC_Send_Byte  ctiic.o
    0x08000ebc   0x08000ebc   0x0000004c   Code   RO         1145    i.CT_IIC_Start      ctiic.o
    0x08000f08   0x08000f08   0x00000048   Code   RO         1146    i.CT_IIC_Stop       ctiic.o
    0x08000f50   0x08000f50   0x00000064   Code   RO         1147    i.CT_IIC_Wait_Ack   ctiic.o
    0x08000fb4   0x08000fb4   0x00000030   Code   RO          890    i.CmdError          sdio_sdcard.o
    0x08000fe4   0x08000fe4   0x00000060   Code   RO          891    i.CmdResp1Error     sdio_sdcard.o
    0x08001044   0x08001044   0x00000054   Code   RO          892    i.CmdResp2Error     sdio_sdcard.o
    0x08001098   0x08001098   0x00000038   Code   RO          893    i.CmdResp3Error     sdio_sdcard.o
    0x080010d0   0x080010d0   0x00000090   Code   RO          894    i.CmdResp6Error     sdio_sdcard.o
    0x08001160   0x08001160   0x0000004c   Code   RO          895    i.CmdResp7Error     sdio_sdcard.o
    0x080011ac   0x080011ac   0x00000018   Code   RO         1616    i.DMA_Cmd           stm32f10x_dma.o
    0x080011c4   0x080011c4   0x0000014c   Code   RO         1617    i.DMA_DeInit        stm32f10x_dma.o
    0x08001310   0x08001310   0x0000003c   Code   RO         1622    i.DMA_Init          stm32f10x_dma.o
    0x0800134c   0x0800134c   0x00000002   Code   RO          201    i.DebugMon_Handler  stm32f10x_it.o
    0x0800134e   0x0800134e   0x00000002   PAD
    0x08001350   0x08001350   0x0000004c   Code   RO            1    i.Dianji_Init       main.o
    0x0800139c   0x0800139c   0x00000034   Code   RO         1751    i.FSMC_NORSRAMCmd   stm32f10x_fsmc.o
    0x080013d0   0x080013d0   0x000000e6   Code   RO         1753    i.FSMC_NORSRAMInit  stm32f10x_fsmc.o
    0x080014b6   0x080014b6   0x00000002   PAD
    0x080014b8   0x080014b8   0x000000f0   Code   RO         1202    i.FT5206_Init       ft5206.o
    0x080015a8   0x080015a8   0x00000058   Code   RO         1203    i.FT5206_RD_Reg     ft5206.o
    0x08001600   0x08001600   0x0000019c   Code   RO         1204    i.FT5206_Scan       ft5206.o
    0x0800179c   0x0800179c   0x00000052   Code   RO         1205    i.FT5206_WR_Reg     ft5206.o
    0x080017ee   0x080017ee   0x00000002   PAD
    0x080017f0   0x080017f0   0x00000194   Code   RO          896    i.FindSCR           sdio_sdcard.o
    0x08001984   0x08001984   0x00000116   Code   RO         1866    i.GPIO_Init         stm32f10x_gpio.o
    0x08001a9a   0x08001a9a   0x00000012   Code   RO         1870    i.GPIO_ReadInputDataBit  stm32f10x_gpio.o
    0x08001aac   0x08001aac   0x00000004   Code   RO         1873    i.GPIO_ResetBits    stm32f10x_gpio.o
    0x08001ab0   0x08001ab0   0x00000004   Code   RO         1874    i.GPIO_SetBits      stm32f10x_gpio.o
    0x08001ab4   0x08001ab4   0x00000140   Code   RO         1249    i.GT9147_Init       gt9147.o
    0x08001bf4   0x08001bf4   0x00000062   Code   RO         1250    i.GT9147_RD_Reg     gt9147.o
    0x08001c56   0x08001c56   0x00000002   PAD
    0x08001c58   0x08001c58   0x00000200   Code   RO         1251    i.GT9147_Scan       gt9147.o
    0x08001e58   0x08001e58   0x0000005c   Code   RO         1252    i.GT9147_Send_Cfg   gt9147.o
    0x08001eb4   0x08001eb4   0x0000005c   Code   RO         1253    i.GT9147_WR_Reg     gt9147.o
    0x08001f10   0x08001f10   0x000000e0   Code   RO         4326    i.Get_HzMat         text.o
    0x08001ff0   0x08001ff0   0x00000004   Code   RO          202    i.HardFault_Handler  stm32f10x_it.o
    0x08001ff4   0x08001ff4   0x00000050   Code   RO          585    i.IIC_Ack           myiic.o
    0x08002044   0x08002044   0x00000034   Code   RO          586    i.IIC_Init          myiic.o
    0x08002078   0x08002078   0x00000050   Code   RO          587    i.IIC_NAck          myiic.o
    0x080020c8   0x080020c8   0x00000070   Code   RO          588    i.IIC_Read_Byte     myiic.o
    0x08002138   0x08002138   0x00000074   Code   RO          589    i.IIC_Send_Byte     myiic.o
    0x080021ac   0x080021ac   0x0000004c   Code   RO          590    i.IIC_Start         myiic.o
    0x080021f8   0x080021f8   0x0000004c   Code   RO          591    i.IIC_Stop          myiic.o
    0x08002244   0x08002244   0x00000064   Code   RO          592    i.IIC_Wait_Ack      myiic.o
    0x080022a8   0x080022a8   0x00000004   Code   RO          457    i.INTX_DISABLE      sys.o
    0x080022ac   0x080022ac   0x00000004   Code   RO          458    i.INTX_ENABLE       sys.o
    0x080022b0   0x080022b0   0x0000009c   Code   RO          897    i.IsCardProgramming  sdio_sdcard.o
    0x0800234c   0x0800234c   0x0000003c   Code   RO          639    i.KEY_Init          key.o
    0x08002388   0x08002388   0x000000c8   Code   RO          640    i.KEY_Scan          key.o
    0x08002450   0x08002450   0x0000006c   Code   RO          662    i.LCD_Clear         lcd.o
    0x080024bc   0x080024bc   0x000001c0   Code   RO          666    i.LCD_Display_Dir   lcd.o
    0x0800267c   0x0800267c   0x000000b0   Code   RO          667    i.LCD_DrawLine      lcd.o
    0x0800272c   0x0800272c   0x00000024   Code   RO          668    i.LCD_DrawPoint     lcd.o
    0x08002750   0x08002750   0x00000098   Code   RO          670    i.LCD_Draw_Circle   lcd.o
    0x080027e8   0x080027e8   0x0000017c   Code   RO          671    i.LCD_Fast_DrawPoint  lcd.o
    0x08002964   0x08002964   0x000000bc   Code   RO          672    i.LCD_Fill          lcd.o
    0x08002a20   0x08002a20   0x00003774   Code   RO          673    i.LCD_Init          lcd.o
    0x08006194   0x08006194   0x00000016   Code   RO          674    i.LCD_Pow           lcd.o
    0x080061aa   0x080061aa   0x00000002   PAD
    0x080061ac   0x080061ac   0x00000014   Code   RO          675    i.LCD_RD_DATA       lcd.o
    0x080061c0   0x080061c0   0x00000016   Code   RO          677    i.LCD_ReadReg       lcd.o
    0x080061d6   0x080061d6   0x00000002   PAD
    0x080061d8   0x080061d8   0x00000054   Code   RO          678    i.LCD_SSD_BackLightSet  lcd.o
    0x0800622c   0x0800622c   0x000002ec   Code   RO          679    i.LCD_Scan_Dir      lcd.o
    0x08006518   0x08006518   0x000001a8   Code   RO          680    i.LCD_SetCursor     lcd.o
    0x080066c0   0x080066c0   0x00000128   Code   RO          682    i.LCD_ShowChar      lcd.o
    0x080067e8   0x080067e8   0x00000094   Code   RO          683    i.LCD_ShowNum       lcd.o
    0x0800687c   0x0800687c   0x00000066   Code   RO          684    i.LCD_ShowString    lcd.o
    0x080068e2   0x080068e2   0x00000002   PAD
    0x080068e4   0x080068e4   0x0000000c   Code   RO          686    i.LCD_WR_DATA       lcd.o
    0x080068f0   0x080068f0   0x0000000c   Code   RO          687    i.LCD_WR_REG        lcd.o
    0x080068fc   0x080068fc   0x00000014   Code   RO          689    i.LCD_WriteRAM_Prepare  lcd.o
    0x08006910   0x08006910   0x00000010   Code   RO          690    i.LCD_WriteReg      lcd.o
    0x08006920   0x08006920   0x0000004c   Code   RO          875    i.LED_Init          led.o
    0x0800696c   0x0800696c   0x00000004   Code   RO          203    i.MemManage_Handler  stm32f10x_it.o
    0x08006970   0x08006970   0x00000002   Code   RO          204    i.NMI_Handler       stm32f10x_it.o
    0x08006972   0x08006972   0x00000002   PAD
    0x08006974   0x08006974   0x00000070   Code   RO         1578    i.NVIC_Init         misc.o
    0x080069e4   0x080069e4   0x00000014   Code   RO         1579    i.NVIC_PriorityGroupConfig  misc.o
    0x080069f8   0x080069f8   0x000000b4   Code   RO         1293    i.OTT2001A_Init     ott2001a.o
    0x08006aac   0x08006aac   0x00000062   Code   RO         1294    i.OTT2001A_RD_Reg   ott2001a.o
    0x08006b0e   0x08006b0e   0x00000002   PAD
    0x08006b10   0x08006b10   0x000001e0   Code   RO         1295    i.OTT2001A_Scan     ott2001a.o
    0x08006cf0   0x08006cf0   0x0000001c   Code   RO         1296    i.OTT2001A_SensorControl  ott2001a.o
    0x08006d0c   0x08006d0c   0x0000005c   Code   RO         1297    i.OTT2001A_WR_Reg   ott2001a.o
    0x08006d68   0x08006d68   0x00000002   Code   RO          205    i.PendSV_Handler    stm32f10x_it.o
    0x08006d6a   0x08006d6a   0x00000002   PAD
    0x08006d6c   0x08006d6c   0x00000020   Code   RO         1975    i.RCC_AHBPeriphClockCmd  stm32f10x_rcc.o
    0x08006d8c   0x08006d8c   0x00000020   Code   RO         1976    i.RCC_APB1PeriphClockCmd  stm32f10x_rcc.o
    0x08006dac   0x08006dac   0x00000020   Code   RO         1977    i.RCC_APB1PeriphResetCmd  stm32f10x_rcc.o
    0x08006dcc   0x08006dcc   0x00000020   Code   RO         1978    i.RCC_APB2PeriphClockCmd  stm32f10x_rcc.o
    0x08006dec   0x08006dec   0x00000020   Code   RO         1979    i.RCC_APB2PeriphResetCmd  stm32f10x_rcc.o
    0x08006e0c   0x08006e0c   0x000000d4   Code   RO         1986    i.RCC_GetClocksFreq  stm32f10x_rcc.o
    0x08006ee0   0x08006ee0   0x000000ac   Code   RO          898    i.SDEnWideBus       sdio_sdcard.o
    0x08006f8c   0x08006f8c   0x0000000c   Code   RO         2175    i.SDIO_ClearFlag    stm32f10x_sdio.o
    0x08006f98   0x08006f98   0x0000000c   Code   RO         2177    i.SDIO_ClockCmd     stm32f10x_sdio.o
    0x08006fa4   0x08006fa4   0x00000014   Code   RO          899    i.SDIO_Clock_Set    sdio_sdcard.o
    0x08006fb8   0x08006fb8   0x0000000c   Code   RO         2180    i.SDIO_DMACmd       stm32f10x_sdio.o
    0x08006fc4   0x08006fc4   0x00000030   Code   RO         2181    i.SDIO_DataConfig   stm32f10x_sdio.o
    0x08006ff4   0x08006ff4   0x00000024   Code   RO         2183    i.SDIO_DeInit       stm32f10x_sdio.o
    0x08007018   0x08007018   0x00000018   Code   RO         2187    i.SDIO_GetFlagStatus  stm32f10x_sdio.o
    0x08007030   0x08007030   0x00000010   Code   RO         2189    i.SDIO_GetPowerState  stm32f10x_sdio.o
    0x08007040   0x08007040   0x00000008   Code   RO          900    i.SDIO_IRQHandler   sdio_sdcard.o
    0x08007048   0x08007048   0x00000030   Code   RO         2192    i.SDIO_Init         stm32f10x_sdio.o
    0x08007078   0x08007078   0x0000000c   Code   RO         2193    i.SDIO_ReadData     stm32f10x_sdio.o
    0x08007084   0x08007084   0x0000002c   Code   RO         2195    i.SDIO_SendCommand  stm32f10x_sdio.o
    0x080070b0   0x080070b0   0x0000001c   Code   RO         2197    i.SDIO_SetPowerState  stm32f10x_sdio.o
    0x080070cc   0x080070cc   0x0000000c   Code   RO         2203    i.SDIO_WriteData    stm32f10x_sdio.o
    0x080070d8   0x080070d8   0x00000068   Code   RO          901    i.SD_DMA_Config     sdio_sdcard.o
    0x08007140   0x08007140   0x00000068   Code   RO          902    i.SD_EnableWideBusOperation  sdio_sdcard.o
    0x080071a8   0x080071a8   0x00000314   Code   RO          903    i.SD_GetCardInfo    sdio_sdcard.o
    0x080074bc   0x080074bc   0x00000100   Code   RO          905    i.SD_Init           sdio_sdcard.o
    0x080075bc   0x080075bc   0x00000154   Code   RO          906    i.SD_InitializeCards  sdio_sdcard.o
    0x08007710   0x08007710   0x000001dc   Code   RO          908    i.SD_PowerON        sdio_sdcard.o
    0x080078ec   0x080078ec   0x0000013c   Code   RO          909    i.SD_ProcessIRQSrc  sdio_sdcard.o
    0x08007a28   0x08007a28   0x00000258   Code   RO          910    i.SD_ReadBlock      sdio_sdcard.o
    0x08007c80   0x08007c80   0x000000a0   Code   RO          911    i.SD_ReadDisk       sdio_sdcard.o
    0x08007d20   0x08007d20   0x000002e8   Code   RO          912    i.SD_ReadMultiBlocks  sdio_sdcard.o
    0x08008008   0x08008008   0x00000030   Code   RO          913    i.SD_SelectDeselect  sdio_sdcard.o
    0x08008038   0x08008038   0x00000018   Code   RO          915    i.SD_SetDeviceMode  sdio_sdcard.o
    0x08008050   0x08008050   0x00000374   Code   RO          916    i.SD_WriteBlock     sdio_sdcard.o
    0x080083c4   0x080083c4   0x000000a0   Code   RO          917    i.SD_WriteDisk      sdio_sdcard.o
    0x08008464   0x08008464   0x000003c0   Code   RO          918    i.SD_WriteMultiBlocks  sdio_sdcard.o
    0x08008824   0x08008824   0x00000094   Code   RO         1090    i.SPI2_Init         spi.o
    0x080088b8   0x080088b8   0x00000054   Code   RO         1091    i.SPI2_ReadWriteByte  spi.o
    0x0800890c   0x0800890c   0x00000028   Code   RO         1092    i.SPI2_SetSpeed     spi.o
    0x08008934   0x08008934   0x00000018   Code   RO         2365    i.SPI_Cmd           stm32f10x_spi.o
    0x0800894c   0x0800894c   0x00000012   Code   RO         2373    i.SPI_I2S_GetFlagStatus  stm32f10x_spi.o
    0x0800895e   0x0800895e   0x00000006   Code   RO         2376    i.SPI_I2S_ReceiveData  stm32f10x_spi.o
    0x08008964   0x08008964   0x00000004   Code   RO         2377    i.SPI_I2S_SendData  stm32f10x_spi.o
    0x08008968   0x08008968   0x0000003c   Code   RO         2378    i.SPI_Init          stm32f10x_spi.o
    0x080089a4   0x080089a4   0x00000002   Code   RO          206    i.SVC_Handler       stm32f10x_it.o
    0x080089a6   0x080089a6   0x00000008   Code   RO          346    i.SetSysClock       system_stm32f10x.o
    0x080089ae   0x080089ae   0x00000002   PAD
    0x080089b0   0x080089b0   0x000000e0   Code   RO          347    i.SetSysClockTo72   system_stm32f10x.o
    0x08008a90   0x08008a90   0x000000c8   Code   RO         4327    i.Show_Font         text.o
    0x08008b58   0x08008b58   0x000000c2   Code   RO         4328    i.Show_Str          text.o
    0x08008c1a   0x08008c1a   0x00000002   PAD
    0x08008c1c   0x08008c1c   0x00000070   Code   RO         4329    i.Show_Str_Mid      text.o
    0x08008c8c   0x08008c8c   0x00000028   Code   RO         1582    i.SysTick_CLKSourceConfig  misc.o
    0x08008cb4   0x08008cb4   0x00000002   Code   RO          207    i.SysTick_Handler   stm32f10x_it.o
    0x08008cb6   0x08008cb6   0x00000002   PAD
    0x08008cb8   0x08008cb8   0x00000060   Code   RO          349    i.SystemInit        system_stm32f10x.o
    0x08008d18   0x08008d18   0x00000038   Code   RO         3302    i.TIM4_IRQHandler   usmart.o
    0x08008d50   0x08008d50   0x00000034   Code   RO         1117    i.TIM7_IRQHandler   timer.o
    0x08008d84   0x08008d84   0x00000060   Code   RO         1118    i.TIM7_Int_Init     timer.o
    0x08008de4   0x08008de4   0x00000006   Code   RO         2514    i.TIM_ClearFlag     stm32f10x_tim.o
    0x08008dea   0x08008dea   0x00000006   Code   RO         2515    i.TIM_ClearITPendingBit  stm32f10x_tim.o
    0x08008df0   0x08008df0   0x00000018   Code   RO         2520    i.TIM_Cmd           stm32f10x_tim.o
    0x08008e08   0x08008e08   0x00000006   Code   RO         2539    i.TIM_GetCounter    stm32f10x_tim.o
    0x08008e0e   0x08008e0e   0x00000012   Code   RO         2540    i.TIM_GetFlagStatus  stm32f10x_tim.o
    0x08008e20   0x08008e20   0x00000022   Code   RO         2541    i.TIM_GetITStatus   stm32f10x_tim.o
    0x08008e42   0x08008e42   0x00000012   Code   RO         2545    i.TIM_ITConfig      stm32f10x_tim.o
    0x08008e54   0x08008e54   0x00000004   Code   RO         2579    i.TIM_SetAutoreload  stm32f10x_tim.o
    0x08008e58   0x08008e58   0x00000004   Code   RO         2585    i.TIM_SetCounter    stm32f10x_tim.o
    0x08008e5c   0x08008e5c   0x000000a4   Code   RO         2591    i.TIM_TimeBaseInit  stm32f10x_tim.o
    0x08008f00   0x08008f00   0x000001a8   Code   RO         1333    i.TP_Adj_Info_Show  touch.o
    0x080090a8   0x080090a8   0x0000085c   Code   RO         1334    i.TP_Adjust         touch.o
    0x08009904   0x08009904   0x00000070   Code   RO         1336    i.TP_Drow_Touch_Point  touch.o
    0x08009974   0x08009974   0x00000050   Code   RO         1337    i.TP_Get_Adjdata    touch.o
    0x080099c4   0x080099c4   0x00000168   Code   RO         1338    i.TP_Init           touch.o
    0x08009b2c   0x08009b2c   0x00000094   Code   RO         1339    i.TP_Read_AD        touch.o
    0x08009bc0   0x08009bc0   0x00000078   Code   RO         1340    i.TP_Read_XOY       touch.o
    0x08009c38   0x08009c38   0x00000030   Code   RO         1341    i.TP_Read_XY        touch.o
    0x08009c68   0x08009c68   0x000000c0   Code   RO         1342    i.TP_Read_XY2       touch.o
    0x08009d28   0x08009d28   0x0000001c   Code   RO         1343    i.TP_Save_Adjdata   touch.o
    0x08009d44   0x08009d44   0x00000110   Code   RO         1344    i.TP_Scan           touch.o
    0x08009e54   0x08009e54   0x0000004c   Code   RO         1345    i.TP_Write_Byte     touch.o
    0x08009ea0   0x08009ea0   0x0000005c   Code   RO         3303    i.Timer4_Init       usmart.o
    0x08009efc   0x08009efc   0x00000088   Code   RO          484    i.USART1_IRQHandler  usart.o
    0x08009f84   0x08009f84   0x000000a8   Code   RO         1429    i.USART3_IRQHandler  usart3.o
    0x0800a02c   0x0800a02c   0x00000018   Code   RO         3056    i.USART_Cmd         stm32f10x_usart.o
    0x0800a044   0x0800a044   0x0000009c   Code   RO         3058    i.USART_DeInit      stm32f10x_usart.o
    0x0800a0e0   0x0800a0e0   0x0000001a   Code   RO         3059    i.USART_GetFlagStatus  stm32f10x_usart.o
    0x0800a0fa   0x0800a0fa   0x00000054   Code   RO         3060    i.USART_GetITStatus  stm32f10x_usart.o
    0x0800a14e   0x0800a14e   0x0000004a   Code   RO         3062    i.USART_ITConfig    stm32f10x_usart.o
    0x0800a198   0x0800a198   0x000000d8   Code   RO         3063    i.USART_Init        stm32f10x_usart.o
    0x0800a270   0x0800a270   0x0000000a   Code   RO         3070    i.USART_ReceiveData  stm32f10x_usart.o
    0x0800a27a   0x0800a27a   0x00000008   Code   RO         3073    i.USART_SendData    stm32f10x_usart.o
    0x0800a282   0x0800a282   0x00000004   Code   RO          208    i.UsageFault_Handler  stm32f10x_it.o
    0x0800a286   0x0800a286   0x00000002   PAD
    0x0800a288   0x0800a288   0x00000058   Code   RO         1476    i.W25QXX_Erase_Sector  w25qxx.o
    0x0800a2e0   0x0800a2e0   0x00000058   Code   RO         1477    i.W25QXX_Init       w25qxx.o
    0x0800a338   0x0800a338   0x00000050   Code   RO         1479    i.W25QXX_Read       w25qxx.o
    0x0800a388   0x0800a388   0x00000048   Code   RO         1480    i.W25QXX_ReadID     w25qxx.o
    0x0800a3d0   0x0800a3d0   0x0000002c   Code   RO         1481    i.W25QXX_ReadSR     w25qxx.o
    0x0800a3fc   0x0800a3fc   0x00000012   Code   RO         1483    i.W25QXX_Wait_Busy  w25qxx.o
    0x0800a40e   0x0800a40e   0x00000002   PAD
    0x0800a410   0x0800a410   0x000000b8   Code   RO         1484    i.W25QXX_Write      w25qxx.o
    0x0800a4c8   0x0800a4c8   0x00000020   Code   RO         1486    i.W25QXX_Write_Enable  w25qxx.o
    0x0800a4e8   0x0800a4e8   0x00000046   Code   RO         1487    i.W25QXX_Write_NoCheck  w25qxx.o
    0x0800a52e   0x0800a52e   0x00000002   PAD
    0x0800a530   0x0800a530   0x00000054   Code   RO         1488    i.W25QXX_Write_Page  w25qxx.o
    0x0800a584   0x0800a584   0x00000020   Code   RO         5248    i.__0printf         mc_w.l(printfa.o)
    0x0800a5a4   0x0800a5a4   0x00000024   Code   RO         5254    i.__0vsprintf       mc_w.l(printfa.o)
    0x0800a5c8   0x0800a5c8   0x0000000e   Code   RO         5409    i.__scatterload_copy  mc_w.l(handlers.o)
    0x0800a5d6   0x0800a5d6   0x00000002   Code   RO         5410    i.__scatterload_null  mc_w.l(handlers.o)
    0x0800a5d8   0x0800a5d8   0x0000000e   Code   RO         5411    i.__scatterload_zeroinit  mc_w.l(handlers.o)
    0x0800a5e6   0x0800a5e6   0x00000002   PAD
    0x0800a5e8   0x0800a5e8   0x0000000c   Code   RO         5372    i.__set_errno       mc_w.l(errno.o)
    0x0800a5f4   0x0800a5f4   0x00000184   Code   RO         5255    i._fp_digits        mc_w.l(printfa.o)
    0x0800a778   0x0800a778   0x000006dc   Code   RO         5256    i._printf_core      mc_w.l(printfa.o)
    0x0800ae54   0x0800ae54   0x00000024   Code   RO         5257    i._printf_post_padding  mc_w.l(printfa.o)
    0x0800ae78   0x0800ae78   0x0000002e   Code   RO         5258    i._printf_pre_padding  mc_w.l(printfa.o)
    0x0800aea6   0x0800aea6   0x0000000a   Code   RO         5260    i._sputc            mc_w.l(printfa.o)
    0x0800aeb0   0x0800aeb0   0x00000034   Code   RO         3509    i.atk_8266_check_cmd  common.o
    0x0800aee4   0x0800aee4   0x00000070   Code   RO         3521    i.atk_8266_quit_trans  common.o
    0x0800af54   0x0800af54   0x00000060   Code   RO         3522    i.atk_8266_send_cmd  common.o
    0x0800afb4   0x0800afb4   0x000002a8   Code   RO         3656    i.bigiot_set        bigiot.o
    0x0800b25c   0x0800b25c   0x00000090   Code   RO         3740    i.check_fs          ff.o
    0x0800b2ec   0x0800b2ec   0x00000014   Code   RO         3741    i.chk_chr           ff.o
    0x0800b300   0x0800b300   0x00000032   Code   RO         3742    i.clmt_clust        ff.o
    0x0800b332   0x0800b332   0x0000001a   Code   RO         3743    i.clust2sect        ff.o
    0x0800b34c   0x0800b34c   0x00000090   Code   RO         3744    i.cmp_lfn           ff.o
    0x0800b3dc   0x0800b3dc   0x00000012   Code   RO          919    i.convert_from_bytes_to_power_of_two  sdio_sdcard.o
    0x0800b3ee   0x0800b3ee   0x000000d6   Code   RO         3745    i.create_chain      ff.o
    0x0800b4c4   0x0800b4c4   0x00000270   Code   RO         3746    i.create_name       ff.o
    0x0800b734   0x0800b734   0x00000044   Code   RO          398    i.delay_init        delay.o
    0x0800b778   0x0800b778   0x0000004c   Code   RO          399    i.delay_ms          delay.o
    0x0800b7c4   0x0800b7c4   0x0000004c   Code   RO          400    i.delay_us          delay.o
    0x0800b810   0x0800b810   0x0000005c   Code   RO         3747    i.dir_alloc         ff.o
    0x0800b86c   0x0800b86c   0x000000ea   Code   RO         3748    i.dir_find          ff.o
    0x0800b956   0x0800b956   0x0000010e   Code   RO         3749    i.dir_next          ff.o
    0x0800ba64   0x0800ba64   0x0000012a   Code   RO         3751    i.dir_register      ff.o
    0x0800bb8e   0x0800bb8e   0x0000009e   Code   RO         3753    i.dir_sdi           ff.o
    0x0800bc2c   0x0800bc2c   0x00000038   Code   RO         3676    i.disk_initialize   diskio.o
    0x0800bc64   0x0800bc64   0x000000b4   Code   RO         3677    i.disk_ioctl        diskio.o
    0x0800bd18   0x0800bd18   0x0000007a   Code   RO         3678    i.disk_read         diskio.o
    0x0800bd92   0x0800bd92   0x00000006   Code   RO         3679    i.disk_status       diskio.o
    0x0800bd98   0x0800bd98   0x0000007a   Code   RO         3680    i.disk_write        diskio.o
    0x0800be12   0x0800be12   0x00000002   PAD
    0x0800be14   0x0800be14   0x00000084   Code   RO         4083    i.exfuns_init       exfuns.o
    0x0800be98   0x0800be98   0x00000020   Code   RO         3755    i.f_close           ff.o
    0x0800beb8   0x0800beb8   0x0000005c   Code   RO         3763    i.f_mount           ff.o
    0x0800bf14   0x0800bf14   0x00000180   Code   RO         3764    i.f_open            ff.o
    0x0800c094   0x0800c094   0x000001b0   Code   RO         3769    i.f_read            ff.o
    0x0800c244   0x0800c244   0x000000b0   Code   RO         3774    i.f_sync            ff.o
    0x0800c2f4   0x0800c2f4   0x00000098   Code   RO         4123    i.ff_convert        mycc936.o
    0x0800c38c   0x0800c38c   0x0000000e   Code   RO         3681    i.ff_memalloc       diskio.o
    0x0800c39a   0x0800c39a   0x0000000e   Code   RO         3682    i.ff_memfree        diskio.o
    0x0800c3a8   0x0800c3a8   0x00000038   Code   RO         4124    i.ff_wtoupper       mycc936.o
    0x0800c3e0   0x0800c3e0   0x00000394   Code   RO         3779    i.find_volume       ff.o
    0x0800c774   0x0800c774   0x00000080   Code   RO         3780    i.fit_lfn           ff.o
    0x0800c7f4   0x0800c7f4   0x00000090   Code   RO         3781    i.follow_path       ff.o
    0x0800c884   0x0800c884   0x00000044   Code   RO         4284    i.font_init         fontupd.o
    0x0800c8c8   0x0800c8c8   0x0000001c   Code   RO          486    i.fputc             usart.o
    0x0800c8e4   0x0800c8e4   0x00000090   Code   RO         4285    i.fupd_prog         fontupd.o
    0x0800c974   0x0800c974   0x000000cc   Code   RO         3782    i.gen_numname       ff.o
    0x0800ca40   0x0800ca40   0x000000f2   Code   RO         3783    i.get_fat           ff.o
    0x0800cb32   0x0800cb32   0x00000004   Code   RO         3683    i.get_fattime       diskio.o
    0x0800cb36   0x0800cb36   0x0000004a   Code   RO         3785    i.get_ldnumber      ff.o
    0x0800cb80   0x0800cb80   0x00000020   Code   RO         3786    i.ld_clust          ff.o
    0x0800cba0   0x0800cba0   0x000002f8   Code   RO            2    i.main              main.o
    0x0800ce98   0x0800ce98   0x00000026   Code   RO         3787    i.mem_cmp           ff.o
    0x0800cebe   0x0800cebe   0x0000001a   Code   RO         3788    i.mem_cpy           ff.o
    0x0800ced8   0x0800ced8   0x00000014   Code   RO         3789    i.mem_set           ff.o
    0x0800ceec   0x0800ceec   0x00000034   Code   RO         3790    i.move_window       ff.o
    0x0800cf20   0x0800cf20   0x0000006c   Code   RO         3232    i.my_mem_free       malloc.o
    0x0800cf8c   0x0800cf8c   0x00000044   Code   RO         3233    i.my_mem_init       malloc.o
    0x0800cfd0   0x0800cfd0   0x000000a8   Code   RO         3234    i.my_mem_malloc     malloc.o
    0x0800d078   0x0800d078   0x00000040   Code   RO         3235    i.my_mem_perused    malloc.o
    0x0800d0b8   0x0800d0b8   0x00000024   Code   RO         3236    i.myfree            malloc.o
    0x0800d0dc   0x0800d0dc   0x00000028   Code   RO         3237    i.mymalloc          malloc.o
    0x0800d104   0x0800d104   0x00000014   Code   RO         3239    i.mymemset          malloc.o
    0x0800d118   0x0800d118   0x00000142   Code   RO         3792    i.put_fat           ff.o
    0x0800d25a   0x0800d25a   0x00000006   Code   RO         3304    i.read_addr         usmart.o
    0x0800d260   0x0800d260   0x0000006c   Code   RO         3794    i.remove_chain      ff.o
    0x0800d2cc   0x0800d2cc   0x0000004c   Code   RO         4979    i.sqrt              m_ws.l(sqrt.o)
    0x0800d318   0x0800d318   0x00000010   Code   RO         3795    i.st_clust          ff.o
    0x0800d328   0x0800d328   0x00000020   Code   RO         3796    i.sum_sfn           ff.o
    0x0800d348   0x0800d348   0x000000c8   Code   RO         3797    i.sync_fs           ff.o
    0x0800d410   0x0800d410   0x00000052   Code   RO         3798    i.sync_window       ff.o
    0x0800d462   0x0800d462   0x00000002   PAD
    0x0800d464   0x0800d464   0x00000050   Code   RO         1430    i.u3_printf         usart3.o
    0x0800d4b4   0x0800d4b4   0x000000a0   Code   RO          487    i.uart_init         usart.o
    0x0800d554   0x0800d554   0x00000164   Code   RO         4286    i.updata_fontx      fontupd.o
    0x0800d6b8   0x0800d6b8   0x00000394   Code   RO         4287    i.update_font       fontupd.o
    0x0800da4c   0x0800da4c   0x000000d0   Code   RO         1431    i.usart3_init       usart3.o
    0x0800db1c   0x0800db1c   0x000000b0   Code   RO         3305    i.usmart_cmd_rec    usmart.o
    0x0800dbcc   0x0800dbcc   0x000002d4   Code   RO         3306    i.usmart_exe        usmart.o
    0x0800dea0   0x0800dea0   0x000000c8   Code   RO         3423    i.usmart_get_aparm  usmart_str.o
    0x0800df68   0x0800df68   0x00000036   Code   RO         3424    i.usmart_get_cmdname  usmart_str.o
    0x0800df9e   0x0800df9e   0x00000002   PAD
    0x0800dfa0   0x0800dfa0   0x000001c0   Code   RO         3425    i.usmart_get_fname  usmart_str.o
    0x0800e160   0x0800e160   0x0000010c   Code   RO         3426    i.usmart_get_fparam  usmart_str.o
    0x0800e26c   0x0800e26c   0x00000020   Code   RO         3427    i.usmart_get_parmpos  usmart_str.o
    0x0800e28c   0x0800e28c   0x00000044   Code   RO         3307    i.usmart_get_runtime  usmart.o
    0x0800e2d0   0x0800e2d0   0x00000028   Code   RO         3308    i.usmart_init       usmart.o
    0x0800e2f8   0x0800e2f8   0x00000016   Code   RO         3428    i.usmart_pow        usmart_str.o
    0x0800e30e   0x0800e30e   0x00000002   PAD
    0x0800e310   0x0800e310   0x00000030   Code   RO         3309    i.usmart_reset_runtime  usmart.o
    0x0800e340   0x0800e340   0x000000bc   Code   RO         3310    i.usmart_scan       usmart.o
    0x0800e3fc   0x0800e3fc   0x00000016   Code   RO         3429    i.usmart_search_nextc  usmart_str.o
    0x0800e412   0x0800e412   0x000000ca   Code   RO         3430    i.usmart_str2num    usmart_str.o
    0x0800e4dc   0x0800e4dc   0x00000022   Code   RO         3431    i.usmart_strcmp     usmart_str.o
    0x0800e4fe   0x0800e4fe   0x00000016   Code   RO         3432    i.usmart_strcopy    usmart_str.o
    0x0800e514   0x0800e514   0x00000018   Code   RO         3433    i.usmart_strlen     usmart_str.o
    0x0800e52c   0x0800e52c   0x000006e4   Code   RO         3311    i.usmart_sys_cmd_exe  usmart.o
    0x0800ec10   0x0800ec10   0x00000036   Code   RO         3799    i.validate          ff.o
    0x0800ec46   0x0800ec46   0x00000004   Code   RO         3312    i.write_addr        usmart.o
    0x0800ec4a   0x0800ec4a   0x000017c0   Data   RO          693    .constdata          lcd.o
    0x0801040a   0x0801040a   0x0000000a   Data   RO         1206    .constdata          ft5206.o
    0x08010414   0x08010414   0x000000c2   Data   RO         1254    .constdata          gt9147.o
    0x080104d6   0x080104d6   0x0000000a   Data   RO         1298    .constdata          ott2001a.o
    0x080104e0   0x080104e0   0x00000004   Data   RO         1346    .constdata          touch.o
    0x080104e4   0x080104e4   0x00000018   Data   RO         3244    .constdata          malloc.o
    0x080104fc   0x080104fc   0x0000003a   Data   RO         3800    .constdata          ff.o
    0x08010536   0x08010536   0x000003c0   Data   RO         4125    .constdata          mycc936.o
    0x080108f6   0x080108f6   0x00000002   PAD
    0x080108f8   0x080108f8   0x00000010   Data   RO         4289    .constdata          fontupd.o
    0x08010908   0x08010908   0x00000079   Data   RO         1347    .conststring        touch.o
    0x08010981   0x08010981   0x00000003   PAD
    0x08010984   0x08010984   0x00000028   Data   RO         3313    .conststring        usmart.o
    0x080109ac   0x080109ac   0x00000090   Data   RO         3385    .conststring        usmart_config.o
    0x08010a3c   0x08010a3c   0x0000005f   Data   RO         4290    .conststring        fontupd.o
    0x08010a9b   0x08010a9b   0x00000001   PAD
    0x08010a9c   0x08010a9c   0x00000020   Data   RO         5407    Region$$Table       anon$$obj.o


    Execution Region RW_IRAM1 (Exec base: 0x20000000, Load base: 0x08010abc, Size: 0x0000c8e8, Max: 0x00010000, ABSOLUTE, COMPRESSED[0x00000094])

    Exec Addr    Load Addr    Size         Type   Attr      Idx    E Section Name        Object

    0x20000000   COMPRESSED   0x00000014   Data   RW          350    .data               system_stm32f10x.o
    0x20000014   COMPRESSED   0x00000004   Data   RW          401    .data               delay.o
    0x20000018   COMPRESSED   0x00000006   Data   RW          489    .data               usart.o
    0x2000001e   COMPRESSED   0x00000001   Data   RW          641    .data               key.o
    0x2000001f   COMPRESSED   0x00000001   PAD
    0x20000020   COMPRESSED   0x00000004   Data   RW          694    .data               lcd.o
    0x20000024   COMPRESSED   0x00000010   Data   RW          921    .data               sdio_sdcard.o
    0x20000034   COMPRESSED   0x00000001   Data   RW         1207    .data               ft5206.o
    0x20000035   COMPRESSED   0x00000001   Data   RW         1255    .data               gt9147.o
    0x20000036   COMPRESSED   0x00000001   Data   RW         1299    .data               ott2001a.o
    0x20000037   COMPRESSED   0x00000001   PAD
    0x20000038   COMPRESSED   0x00000036   Data   RW         1348    .data               touch.o
    0x2000006e   COMPRESSED   0x00000004   Data   RW         1433    .data               usart3.o
    0x20000072   COMPRESSED   0x00000002   Data   RW         1491    .data               w25qxx.o
    0x20000074   COMPRESSED   0x00000014   Data   RW         2006    .data               stm32f10x_rcc.o
    0x20000088   COMPRESSED   0x0000001c   Data   RW         3245    .data               malloc.o
    0x200000a4   COMPRESSED   0x0000001c   Data   RW         3314    .data               usmart.o
    0x200000c0   COMPRESSED   0x00000114   Data   RW         3386    .data               usmart_config.o
    0x200001d4   COMPRESSED   0x00000002   Data   RW         3684    .data               diskio.o
    0x200001d6   COMPRESSED   0x00000002   PAD
    0x200001d8   COMPRESSED   0x0000000a   Data   RW         3801    .data               ff.o
    0x200001e2   COMPRESSED   0x00000002   PAD
    0x200001e4   COMPRESSED   0x0000001c   Data   RW         4088    .data               exfuns.o
    0x20000200   COMPRESSED   0x00000004   Data   RW         5373    .data               mc_w.l(errno.o)
    0x20000204        -       0x000000c8   Zero   RW          488    .bss                usart.o
    0x200002cc        -       0x0000000e   Zero   RW          692    .bss                lcd.o
    0x200002da   COMPRESSED   0x00000006   PAD
    0x200002e0        -       0x000002c0   Zero   RW          920    .bss                sdio_sdcard.o
    0x200005a0        -       0x000004b0   Zero   RW         1432    .bss                usart3.o
    0x20000a50        -       0x00001000   Zero   RW         1490    .bss                w25qxx.o
    0x20001a50   COMPRESSED   0x00000010   PAD
    0x20001a60        -       0x0000aa00   Zero   RW         3243    .bss                malloc.o
    0x2000c460        -       0x00000064   Zero   RW         3657    .bss                bigiot.o
    0x2000c4c4        -       0x00000021   Zero   RW         4288    .bss                fontupd.o
    0x2000c4e5   COMPRESSED   0x00000003   PAD
    0x2000c4e8        -       0x00000400   Zero   RW          391    STACK               startup_stm32f10x_hd.o



  Load Region LR$$.ARM.__AT_0x68000000 (Base: 0x68000000, Size: 0x00000000, Max: 0x000f0000, ABSOLUTE)

    Execution Region ER$$.ARM.__AT_0x68000000 (Exec base: 0x68000000, Load base: 0x68000000, Size: 0x000f0000, Max: 0x000f0000, ABSOLUTE, UNINIT)

    Exec Addr    Load Addr    Size         Type   Attr      Idx    E Section Name        Object

    0x68000000        -       0x000f0000   Zero   RW         3241    .ARM.__AT_0x68000000  malloc.o



  Load Region LR$$.ARM.__AT_0x680F0000 (Base: 0x680f0000, Size: 0x00000000, Max: 0x0000f000, ABSOLUTE)

    Execution Region ER$$.ARM.__AT_0x680F0000 (Exec base: 0x680f0000, Load base: 0x680f0000, Size: 0x0000f000, Max: 0x0000f000, ABSOLUTE, UNINIT)

    Exec Addr    Load Addr    Size         Type   Attr      Idx    E Section Name        Object

    0x680f0000        -       0x0000f000   Zero   RW         3242    .ARM.__AT_0x680F0000  malloc.o


==============================================================================

Image component sizes


      Code (inc. data)   RO Data    RW Data    ZI Data      Debug   Object Name

       246          0          0          0          0       3403   24cxx.o
       680        328          0          0        100       1286   bigiot.o
       260         32          0          0          0       2295   common.o
         0          0          0          0          0         32   core_cm3.o
       718        128          0          0          0       4941   ctiic.o
       220         26          0          4          0     206615   delay.o
       518         14          0          2          0       6776   diskio.o
       132         18          0         28          0       1634   exfuns.o
      6080         64         58         10          0      35295   ff.o
      1484        156        111          0         33       5326   fontupd.o
       822         36         10          1          0       3685   ft5206.o
      1114         76        194          1          0       4582   gt9147.o
       260         20          0          1          0       1214   key.o
     17610        202       6080          4         14      25331   lcd.o
        76          8          0          0          0        519   led.o
       836        218          0          0          0     217197   main.o
       504         60         24         28    1088000       6249   malloc.o
       172         22          0          0          0       2129   misc.o
       208         16        960          0          0       1967   mycc936.o
       692        100          0          0          0       4382   myiic.o
       878         58         10          1          0       4235   ott2001a.o
      7246        394          0         16        704      33642   sdio_sdcard.o
       272         18          0          0          0       1841   spi.o
        36          8        304          0       1024        808   startup_stm32f10x_hd.o
       416          8          0          0          0       3494   stm32f10x_dma.o
       282          6          0          0          0       1869   stm32f10x_fsmc.o
       304          0          0          0          0       3748   stm32f10x_gpio.o
        26          0          0          0          0      81462   stm32f10x_it.o
       372         50          0         20          0       6292   stm32f10x_rcc.o
       304         72          0          0          0       8270   stm32f10x_sdio.o
       112          0          0          0          0       3942   stm32f10x_spi.o
       284         42          0          0          0       6512   stm32f10x_tim.o
       598         28          0          0          0       6936   stm32f10x_usart.o
         8          0          0          0          0        869   sys.o
       328         28          0         20          0       2177   system_stm32f10x.o
       730         20          0          0          0       4178   text.o
       148         16          0          0          0       1174   timer.o
      4000        268        125         54          0      10569   touch.o
       324         26          0          6        200       3744   usart.o
       456         52          0          4       1200       3507   usart3.o
      3166       1330         40         28          0       7806   usmart.o
         0          0        144        276          0       2044   usmart_config.o
      1328         20          0          0          0       8689   usmart_str.o
       760         70          0          2       4096       7033   w25qxx.o

    ----------------------------------------------------------------------
     55052       4038       8098        512    1095396     749699   Object Totals
         0          0         32          0          0          0   (incl. Generated)
        42          0          6          6         25          0   (incl. Padding)

    ----------------------------------------------------------------------

      Code (inc. data)   RO Data    RW Data    ZI Data      Debug   Library Member Name

        76          0          0          0          0         84   sqrt.o
        86          0          0          0          0          0   __dczerorl2.o
         0          0          0          0          0          0   entry.o
         0          0          0          0          0          0   entry10a.o
         0          0          0          0          0          0   entry11a.o
         8          4          0          0          0          0   entry2.o
         4          0          0          0          0          0   entry5.o
         0          0          0          0          0          0   entry7b.o
         0          0          0          0          0          0   entry8b.o
         8          4          0          0          0          0   entry9a.o
        12          6          0          4          0         68   errno.o
        30          0          0          0          0          0   handlers.o
        36          8          0          0          0         68   init.o
         0          0          0          0          0          0   iusefp.o
        98          0          0          0          0         84   ldiv.o
        30          0          0          0          0         68   llshl.o
        36          0          0          0          0         68   llsshr.o
        32          0          0          0          0         68   llushr.o
        36          0          0          0          0         68   memcpya.o
      2304         96          0          0          0        600   printfa.o
        24          0          0          0          0         68   strcat.o
        28          0          0          0          0         76   strcmp.o
        18          0          0          0          0         68   strcpy.o
        14          0          0          0          0         68   strlen.o
        36          0          0          0          0         80   strstr.o
        44          0          0          0          0         80   uidiv.o
        98          0          0          0          0         92   uldiv.o
        48          0          0          0          0         68   cdcmple.o
        48          0          0          0          0         68   cdrcmple.o
        20          0          0          0          0         68   cfcmple.o
       334          0          0          0          0        148   dadd.o
       222          0          0          0          0        100   ddiv.o
       186          0          0          0          0        176   depilogue.o
        50          0          0          0          0         76   dfixui.o
        48          0          0          0          0         68   dfixul.o
        34          0          0          0          0         76   dflti.o
        26          0          0          0          0         76   dfltui.o
       228          0          0          0          0         96   dmul.o
       162          0          0          0          0        100   dsqrt.o
        38          0          0          0          0         68   f2d.o
       176          0          0          0          0        140   fadd.o
       124          0          0          0          0         88   fdiv.o
       110          0          0          0          0        168   fepilogue.o
        50          0          0          0          0         68   ffixi.o
        40          0          0          0          0         68   ffixui.o
        18          0          0          0          0         68   fflti.o
        10          0          0          0          0         68   ffltui.o
       100          0          0          0          0         76   fmul.o

    ----------------------------------------------------------------------
      5134        118          0          4          0       3640   Library Totals
         4          0          0          0          0          0   (incl. Padding)

    ----------------------------------------------------------------------

      Code (inc. data)   RO Data    RW Data    ZI Data      Debug   Library Name

        76          0          0          0          0         84   m_ws.l
      2982        118          0          4          0       1624   mc_w.l
      2072          0          0          0          0       1932   mf_w.l

    ----------------------------------------------------------------------
      5134        118          0          4          0       3640   Library Totals

    ----------------------------------------------------------------------

==============================================================================


      Code (inc. data)   RO Data    RW Data    ZI Data      Debug   

     60186       4156       8098        516    1095396     737243   Grand Totals
     60186       4156       8098        148    1095396     737243   ELF Image Totals (compressed)
     60186       4156       8098        148          0          0   ROM Totals

==============================================================================

    Total RO  Size (Code + RO Data)                68284 (  66.68kB)
    Total RW  Size (RW Data + ZI Data)           1095912 (1070.23kB)
    Total ROM Size (Code + RO Data + RW Data)      68432 (  66.83kB)

==============================================================================

